


ARM Macro Assembler    Page 1 


    1 00000000         ;/******************************************************
                       ********************//**
    2 00000000         ; * @file  startup_thm36.s
    3 00000000         ; * @brief Core Device Startup File for
    4 00000000         ; *   thm36_1.3 Device Series
    5 00000000         ; * @version  V5.00
    6 00000000         ; * @date  02. March 2018
    7 00000000         ; ******************************************************
                       ************************/
    8 00000000         
    9 00000000         
   10 00000000         ;/*
   11 00000000         ;//-------- <<< Use Configuration Wizard in Context Menu
                        >>> ------------------
   12 00000000         ;*/
   13 00000000         
   14 00000000         
   15 00000000         ; <h> Stack Configuration
   16 00000000         ; <o> Stack Size (in Bytes) <0x0-0xFFFFFFFF:8>
   17 00000000         ; </h>
   18 00000000         
   19 00000000 00002000 
                       Stack_Size
                               EQU              0x00002000
   20 00000000         
   21 00000000                 AREA             STACK, NOINIT, READWRITE, ALIGN
=3
   22 00000000         Stack_Mem
                               SPACE            Stack_Size
   23 00002000         __initial_sp
   24 00002000         
   25 00002000         
   26 00002000         ; <h> Heap Configuration
   27 00002000         ; <o>  Heap Size (in Bytes) <0x0-0xFFFFFFFF:8>
   28 00002000         ; </h>
   29 00002000         
   30 00002000 00000100 
                       Heap_Size
                               EQU              0x00000100
   31 00002000         
   32 00002000                 AREA             HEAP, NOINIT, READWRITE, ALIGN=
3
   33 00000000         __heap_base
   34 00000000         Heap_Mem
                               SPACE            Heap_Size
   35 00000100         __heap_limit
   36 00000100         
   37 00000100         
   38 00000100                 PRESERVE8
   39 00000100                 THUMB
   40 00000100         
   41 00000100         
   42 00000100         ; Vector Table Mapped to Address 0 at Reset
   43 00000100         
   44 00000100                 AREA             RESET, DATA, READONLY
   45 00000000                 EXPORT           __Vectors
   46 00000000                 EXPORT           __Vectors_End
   47 00000000                 EXPORT           __Vectors_Size
   48 00000000         



ARM Macro Assembler    Page 2 


   49 00000000 00000000 
                       __Vectors
                               DCD              __initial_sp ; Top of Stack  
   50 00000004 00000000        DCD              Reset_Handler ; Reset Handler  
                                                            
   51 00000008 00000000        DCD              NMI_Handler ; NMI Handler   
   52 0000000C 00000000        DCD              HardFault_Handler ; Hard Fault 
                                                            Handler 
   53 00000010 00000000        DCD              MemManage_Handler ; MPU Fault H
                                                            andler 
   54 00000014 00000000        DCD              BusFault_Handler ; Bus Fault Ha
                                                            ndler 
   55 00000018 00000000        DCD              UsageFault_Handler ; Usage Faul
                                                            t Handler 
   56 0000001C 00000000        DCD              0           ; Reserved   
   57 00000020 00000000        DCD              0           ; Reserved   
   58 00000024 00000000        DCD              0           ; Reserved   
   59 00000028 00000000        DCD              0           ; Reserved   
   60 0000002C 00000000        DCD              SVC_Handler ; SVCall Handler  
   61 00000030 00000000        DCD              DebugMon_Handler ; Debug Monito
                                                            r Handler 
   62 00000034 00000000        DCD              0           ; Reserved     
   63 00000038 00000000        DCD              PendSV_Handler ; PendSV Handler
                                                                
   64 0000003C 00000000        DCD              SysTick_Handler ; SysTick Handl
                                                            er    
   65 00000040         
   66 00000040         ; External Interrupts
   67 00000040         ; ToDo:  Add here the vectors for the device specific ex
                       ternal interrupts handler
   68 00000040 00000000        DCD              RCC_IRQHandler ;  0: Default
   69 00000044 00000000        DCD              0           ;  1: 
   70 00000048 00000000        DCD              0           ;  2: 
   71 0000004C 00000000        DCD              DMA_IRQHandler ;  3: 
   72 00000050 00000000        DCD              AHBMMU_IRQHandler ;  4: 
   73 00000054 00000000        DCD              0           ;  5: 
   74 00000058 00000000        DCD              0           ;  6: 
   75 0000005C 00000000        DCD              MPU_IRQHandler ;  7: 
   76 00000060 00000000        DCD              0           ;  8: 
   77 00000064 00000000        DCD              0           ;  9: 
   78 00000068 00000000        DCD              0           ;  10: 
   79 0000006C 00000000        DCD              AES_IRQHandler ;  11: 
   80 00000070 00000000        DCD              DES_IRQHandler ;  12: 
   81 00000074 00000000        DCD              PKE_IRQHandler ;  13: 
   82 00000078 00000000        DCD              0           ;  14: 
   83 0000007C 00000000        DCD              EGS_IRQHandler ;  15: 
   84 00000080 00000000        DCD              LD_IRQHandler ;  16: 
   85 00000084 00000000        DCD              TRNG_IRQHandler ;  17: 
   86 00000088 00000000        DCD              FD2_IRQHandler ;  18: 
   87 0000008C 00000000        DCD              FD3_IRQHandler ;  19: 
   88 00000090 00000000        DCD              VB_SENSOR_IRQHandler ;  20: 
   89 00000094 00000000        DCD              ASH_IRQHandler ;  21: 
   90 00000098 00000000        DCD              WWDT_IRQHandler ;  22: 
   91 0000009C 00000000        DCD              TIMER1_IRQHandler ;  23: 
   92 000000A0 00000000        DCD              TIMER2_IRQHandler ;  24: 
   93 000000A4 00000000        DCD              TIMER3_IRQHandler ;  25: 
   94 000000A8 00000000        DCD              TIMER4_IRQHandler ;  26: 
   95 000000AC 00000000        DCD              TIMER5_IRQHandler ;  27: 
   96 000000B0 00000000        DCD              TIMER6_IRQHandler ;  28: 



ARM Macro Assembler    Page 3 


   97 000000B4 00000000        DCD              0           ;  29: 
   98 000000B8 00000000        DCD              0           ;  30: 
   99 000000BC 00000000        DCD              0           ;  31: 
  100 000000C0 00000000        DCD              0           ;  32: 0
  101 000000C4 00000000        DCD              Flash1_IRQHandler ;  33: 1
  102 000000C8 00000000        DCD              0           ;  34: 2
  103 000000CC 00000000        DCD              0           ;  35: 3
  104 000000D0 00000000        DCD              GPIO_IRQHandler ;  36: 4
  105 000000D4 00000000        DCD              SPI1_IRQHandler ;  37: 5
  106 000000D8 00000000        DCD              SPI2_IRQHandler ;  38: 6
  107 000000DC 00000000        DCD              SPI3_IRQHandler ;  39: 7
  108 000000E0 00000000        DCD              UART1_IRQHandler ;  40: 8
  109 000000E4 00000000        DCD              UART2_IRQHandler ;  41: 9
  110 000000E8 00000000        DCD              0           ;  42: 10  
  111 000000EC 00000000        DCD              0           ;  43: 11
  112 000000F0 00000000        DCD              I2C_IRQHandler ;  44: 12
  113 000000F4 00000000        DCD              ISO7816M1_IRQHandler ;  45: 13
  114 000000F8 00000000        DCD              ISO7816M2_IRQHandler ;  46: 14
  115 000000FC 00000000        DCD              ISO7816M3_IRQHandler ;  47: 15
  116 00000100 00000000        DCD              PWM1_IRQHandler ;  48: 16
  117 00000104 00000000        DCD              PWM2_IRQHandler ;  49: 17
  118 00000108 00000000        DCD              0           ;  50: 18
  119 0000010C 00000000        DCD              USB_IRQHandler ;  51: 19
  120 00000110 00000000        DCD              UART5_IRQHandler ;  52: 20
  121 00000114 00000000        DCD              ADC_IRQHandler ;  53: 21
  122 00000118 00000000        DCD              0           ;  54: 22
  123 0000011C 00000000        DCD              0           ;  55: 23
  124 00000120 00000000        DCD              PWRC_IRQHandler ;  56: 23
  125 00000124 00000000        DCD              0           ;  57: 23
  126 00000128 00000000        DCD              PWM3_IRQHandler ;  58: 23
  127 0000012C 00000000        DCD              PWM4_IRQHandler ;  59: 23
  128 00000130 00000000        DCD              0           ;  60: 23
  129 00000134 00000000        DCD              0           ;  61: 23
  130 00000138 00000000        DCD              0           ;  62: 23
  131 0000013C 00000000        DCD              0           ;  63: 23
  132 00000140 00000000        DCD              EXTI0_15_IRQHandler ;  64: 23
  133 00000144 00000000        DCD              EXTI16_31_IRQHandler ;  65: 23
  134 00000148 00000000        DCD              EXTI32_47_IRQHandler ;  66: 23
  135 0000014C 00000000        DCD              EXTI48_63_IRQHandler ;  67: 23
  136 00000150 00000000        DCD              EXTI64_79_IRQHandler ;  68: 23
  137 00000154 00000000        DCD              EXTI80_IRQHandler ;  69: 23
  138 00000158 00000000        DCD              EXTI81_IRQHandler ;  70: 23
  139 0000015C 00000000        DCD              EXTI82_IRQHandler ;  71: 23
  140 00000160 00000000        DCD              EXTI83_IRQHandler ;  72: 23
  141 00000164 00000000        DCD              EXTI84_IRQHandler ;  73: 23
  142 00000168         __Vectors_End
  143 00000168         
  144 00000168 00000168 
                       __Vectors_Size
                               EQU              __Vectors_End - __Vectors
  145 00000168         
  146 00000168                 AREA             |.text|, CODE, READONLY
  147 00000000         
  148 00000000         
  149 00000000         ; Reset Handler
  150 00000000         
  151 00000000         Reset_Handler
                               PROC
  152 00000000                 EXPORT           Reset_Handler    [WEAK]



ARM Macro Assembler    Page 4 


  153 00000000                 IMPORT           SystemInit
  154 00000000                 IMPORT           __main
  155 00000000 40008010 
                       PWR_PSWCR_ADDR
                               EQU              0x40008010
  156 00000000 803F0000 
                       PWR_RAM_PD_VALUE
                               EQU              0x803f0000
  157 00000000 80000000 
                       PWR_RAM_PU_VALUE
                               EQU              0x80000000
  158 00000000         
  159 00000000 4912            LDR              R1,=PWR_PSWCR_ADDR
  160 00000002 4813            LDR              R0,=PWR_RAM_PD_VALUE
  161 00000004 6008            STR              R0,[R1]
  162 00000006 BF00            NOP
  163 00000008 F44F 6080       MOV              R0, #0x0400
  164 0000000C         Loop
  165 0000000C BF00            NOP
  166 0000000E 3801            SUBS             R0, #1
  167 00000010 D1FC            BNE              Loop
  168 00000012         
  169 00000012 490E            LDR              R1,=PWR_PSWCR_ADDR
  170 00000014 F04F 4000       LDR              R0,=PWR_RAM_PU_VALUE
  171 00000018 6008            STR              R0,[R1]
  172 0000001A F44F 6080       MOV              R0, #0x0400
  173 0000001E         Loop1
  174 0000001E BF00            NOP
  175 00000020 3801            SUBS             R0, #1
  176 00000022 D1FC            BNE              Loop1
  177 00000024         
  178 00000024 480B            LDR              R0, = SystemInit
  179 00000026 4780            BLX              R0
  180 00000028 480B            LDR              R0, =__main
  181 0000002A 4700            BX               R0
  182 0000002C                 ENDP
  183 0000002C         
  184 0000002C         
  185 0000002C         ; Dummy Exception Handlers (infinite loops which can be 
                       modified)
  186 0000002C         
  187 0000002C         NMI_Handler
                               PROC
  188 0000002C                 EXPORT           NMI_Handler    [WEAK]
  189 0000002C E7FE            B                .
  190 0000002E                 ENDP
  192 0000002E         HardFault_Handler
                               PROC
  193 0000002E                 EXPORT           HardFault_Handler   [WEAK]
  194 0000002E E7FE            B                .
  195 00000030                 ENDP
  197 00000030         MemManage_Handler
                               PROC
  198 00000030                 EXPORT           MemManage_Handler   [WEAK]
  199 00000030 E7FE            B                .
  200 00000032                 ENDP
  202 00000032         BusFault_Handler
                               PROC
  203 00000032                 EXPORT           BusFault_Handler    [WEAK]



ARM Macro Assembler    Page 5 


  204 00000032 E7FE            B                .
  205 00000034                 ENDP
  207 00000034         UsageFault_Handler
                               PROC
  208 00000034                 EXPORT           UsageFault_Handler  [WEAK]
  209 00000034 E7FE            B                .
  210 00000036                 ENDP
  211 00000036         SVC_Handler
                               PROC
  212 00000036                 EXPORT           SVC_Handler    [WEAK]
  213 00000036 E7FE            B                .
  214 00000038                 ENDP
  216 00000038         DebugMon_Handler
                               PROC
  217 00000038                 EXPORT           DebugMon_Handler    [WEAK]
  218 00000038 E7FE            B                .
  219 0000003A                 ENDP
  220 0000003A         PendSV_Handler
                               PROC
  221 0000003A                 EXPORT           PendSV_Handler   [WEAK]
  222 0000003A E7FE            B                .
  223 0000003C                 ENDP
  224 0000003C         SysTick_Handler
                               PROC
  225 0000003C                 EXPORT           SysTick_Handler   [WEAK]
  226 0000003C E7FE            B                .
  227 0000003E                 ENDP
  228 0000003E         
  229 0000003E         Default_Handler
                               PROC
  230 0000003E         
  231 0000003E                 EXPORT           RCC_IRQHandler   [WEAK]
  232 0000003E                 EXPORT           DMA_IRQHandler   [WEAK]
  233 0000003E                 EXPORT           AHBMMU_IRQHandler  [WEAK]
  234 0000003E                 EXPORT           MPU_IRQHandler   [WEAK]
  235 0000003E                 EXPORT           AES_IRQHandler   [WEAK]
  236 0000003E                 EXPORT           DES_IRQHandler   [WEAK]
  237 0000003E                 EXPORT           PKE_IRQHandler   [WEAK]
  238 0000003E                 EXPORT           EGS_IRQHandler   [WEAK]
  239 0000003E                 EXPORT           LD_IRQHandler   [WEAK]
  240 0000003E                 EXPORT           TRNG_IRQHandler   [WEAK]
  241 0000003E                 EXPORT           FD2_IRQHandler   [WEAK]
  242 0000003E                 EXPORT           FD3_IRQHandler   [WEAK]
  243 0000003E                 EXPORT           VB_SENSOR_IRQHandler [WEAK]
  244 0000003E                 EXPORT           ASH_IRQHandler   [WEAK]
  245 0000003E                 EXPORT           WWDT_IRQHandler   [WEAK]
  246 0000003E                 EXPORT           TIMER1_IRQHandler  [WEAK]
  247 0000003E                 EXPORT           TIMER2_IRQHandler  [WEAK]
  248 0000003E                 EXPORT           TIMER3_IRQHandler  [WEAK]
  249 0000003E                 EXPORT           TIMER4_IRQHandler  [WEAK]
  250 0000003E                 EXPORT           TIMER5_IRQHandler  [WEAK]
  251 0000003E                 EXPORT           TIMER6_IRQHandler  [WEAK]
  252 0000003E                 EXPORT           Flash1_IRQHandler  [WEAK]
  253 0000003E                 EXPORT           GPIO_IRQHandler   [WEAK]
  254 0000003E                 EXPORT           SPI1_IRQHandler   [WEAK]
  255 0000003E                 EXPORT           SPI2_IRQHandler   [WEAK]
  256 0000003E                 EXPORT           SPI3_IRQHandler   [WEAK]
  257 0000003E                 EXPORT           UART1_IRQHandler  [WEAK]
  258 0000003E                 EXPORT           UART2_IRQHandler  [WEAK]



ARM Macro Assembler    Page 6 


  259 0000003E                 EXPORT           I2C_IRQHandler   [WEAK]
  260 0000003E                 EXPORT           ISO7816M1_IRQHandler [WEAK]
  261 0000003E                 EXPORT           ISO7816M2_IRQHandler [WEAK]
  262 0000003E                 EXPORT           ISO7816M3_IRQHandler [WEAK]
  263 0000003E                 EXPORT           PWM1_IRQHandler   [WEAK]
  264 0000003E                 EXPORT           PWM2_IRQHandler   [WEAK]
  265 0000003E                 EXPORT           USB_IRQHandler   [WEAK]
  266 0000003E                 EXPORT           UART5_IRQHandler  [WEAK]
  267 0000003E                 EXPORT           ADC_IRQHandler   [WEAK]
  268 0000003E                 EXPORT           PWRC_IRQHandler   [WEAK]
  269 0000003E                 EXPORT           PWM3_IRQHandler   [WEAK]
  270 0000003E                 EXPORT           PWM4_IRQHandler   [WEAK]
  271 0000003E                 EXPORT           EXTI0_15_IRQHandler  [WEAK]
  272 0000003E                 EXPORT           EXTI16_31_IRQHandler [WEAK]
  273 0000003E                 EXPORT           EXTI32_47_IRQHandler [WEAK]
  274 0000003E                 EXPORT           EXTI48_63_IRQHandler [WEAK]
  275 0000003E                 EXPORT           EXTI64_79_IRQHandler [WEAK]
  276 0000003E                 EXPORT           EXTI80_IRQHandler  [WEAK]
  277 0000003E                 EXPORT           EXTI81_IRQHandler  [WEAK]
  278 0000003E                 EXPORT           EXTI82_IRQHandler  [WEAK]
  279 0000003E                 EXPORT           EXTI83_IRQHandler  [WEAK]
  280 0000003E                 EXPORT           EXTI84_IRQHandler  [WEAK]
  281 0000003E         RCC_IRQHandler
  282 0000003E         DMA_IRQHandler
  283 0000003E         AHBMMU_IRQHandler
  284 0000003E         MPU_IRQHandler
  285 0000003E         AES_IRQHandler
  286 0000003E         DES_IRQHandler
  287 0000003E         PKE_IRQHandler
  288 0000003E         EGS_IRQHandler
  289 0000003E         LD_IRQHandler
  290 0000003E         TRNG_IRQHandler
  291 0000003E         FD2_IRQHandler
  292 0000003E         FD3_IRQHandler
  293 0000003E         VB_SENSOR_IRQHandler
  294 0000003E         ASH_IRQHandler
  295 0000003E         WWDT_IRQHandler
  296 0000003E         TIMER1_IRQHandler
  297 0000003E         TIMER2_IRQHandler
  298 0000003E         TIMER3_IRQHandler
  299 0000003E         TIMER4_IRQHandler
  300 0000003E         TIMER5_IRQHandler
  301 0000003E         TIMER6_IRQHandler
  302 0000003E         Flash1_IRQHandler
  303 0000003E         GPIO_IRQHandler
  304 0000003E         SPI1_IRQHandler
  305 0000003E         SPI2_IRQHandler
  306 0000003E         SPI3_IRQHandler
  307 0000003E         UART1_IRQHandler
  308 0000003E         UART2_IRQHandler
  309 0000003E         I2C_IRQHandler
  310 0000003E         ISO7816M1_IRQHandler
  311 0000003E         ISO7816M2_IRQHandler
  312 0000003E         ISO7816M3_IRQHandler
  313 0000003E         PWM1_IRQHandler
  314 0000003E         PWM2_IRQHandler
  315 0000003E         USB_IRQHandler
  316 0000003E         UART5_IRQHandler
  317 0000003E         ADC_IRQHandler



ARM Macro Assembler    Page 7 


  318 0000003E         PWRC_IRQHandler
  319 0000003E         PWM3_IRQHandler
  320 0000003E         PWM4_IRQHandler
  321 0000003E         EXTI0_15_IRQHandler
  322 0000003E         EXTI16_31_IRQHandler
  323 0000003E         EXTI32_47_IRQHandler
  324 0000003E         EXTI48_63_IRQHandler
  325 0000003E         EXTI64_79_IRQHandler
  326 0000003E         EXTI80_IRQHandler
  327 0000003E         EXTI81_IRQHandler
  328 0000003E         EXTI82_IRQHandler
  329 0000003E         EXTI83_IRQHandler
  330 0000003E         EXTI84_IRQHandler
  331 0000003E         
  332 0000003E         
  333 0000003E         
  334 0000003E         
  335 0000003E E7FE            B                .
  336 00000040         
  337 00000040                 ENDP
  338 00000040         
  339 00000040         
  340 00000040                 ALIGN
  341 00000040         
  342 00000040         
  343 00000040         ; User Initial Stack & Heap
  344 00000040         
  345 00000040                 IF               :DEF:__MICROLIB
  352 00000040         
  353 00000040                 IMPORT           __use_two_region_memory
  354 00000040                 EXPORT           __user_initial_stackheap
  355 00000040         
  356 00000040         __user_initial_stackheap
                               PROC
  357 00000040 4806            LDR              R0, =  Heap_Mem
  358 00000042 4907            LDR              R1, =(Stack_Mem + Stack_Size)
  359 00000044 4A07            LDR              R2, = (Heap_Mem +  Heap_Size)
  360 00000046 4B08            LDR              R3, = Stack_Mem
  361 00000048 4770            BX               LR
  362 0000004A                 ENDP
  363 0000004A         
  364 0000004A 00 00           ALIGN
  365 0000004C         
  366 0000004C                 ENDIF
  367 0000004C         
  368 0000004C         
  369 0000004C                 END
              40008010 
              803F0000 
              00000000 
              00000000 
              00000000 
              00002000 
              00000100 
              00000000 
Command Line: --debug --xref --diag_suppress=9931 --cpu=SC300 --apcs=interwork 
--depend=.\objects\startup_thm36.d -o.\objects\startup_thm36.o -I.\RTE\_demo -I
D:\Keil_v5\Arm\Packs\ARM\CMSIS\5.6.0\Device\ARM\ARMSC300\Include -ID:\Keil_v5\A
RM\CMSIS\Include --predefine="__UVISION_VERSION SETA 529" --predefine="ARMSC300



ARM Macro Assembler    Page 8 


 SETA 1" --list=.\listings\startup_thm36.lst ..\Startup\startup_thm36.s



ARM Macro Assembler    Page 1 Alphabetic symbol ordering
Relocatable symbols

STACK 00000000

Symbol: STACK
   Definitions
      At line 21 in file ..\Startup\startup_thm36.s
   Uses
      None
Comment: STACK unused
Stack_Mem 00000000

Symbol: Stack_Mem
   Definitions
      At line 22 in file ..\Startup\startup_thm36.s
   Uses
      At line 358 in file ..\Startup\startup_thm36.s
      At line 360 in file ..\Startup\startup_thm36.s

__initial_sp 00002000

Symbol: __initial_sp
   Definitions
      At line 23 in file ..\Startup\startup_thm36.s
   Uses
      At line 49 in file ..\Startup\startup_thm36.s
Comment: __initial_sp used once
3 symbols



ARM Macro Assembler    Page 1 Alphabetic symbol ordering
Relocatable symbols

HEAP 00000000

Symbol: HEAP
   Definitions
      At line 32 in file ..\Startup\startup_thm36.s
   Uses
      None
Comment: HEAP unused
Heap_Mem 00000000

Symbol: Heap_Mem
   Definitions
      At line 34 in file ..\Startup\startup_thm36.s
   Uses
      At line 357 in file ..\Startup\startup_thm36.s
      At line 359 in file ..\Startup\startup_thm36.s

__heap_base 00000000

Symbol: __heap_base
   Definitions
      At line 33 in file ..\Startup\startup_thm36.s
   Uses
      None
Comment: __heap_base unused
__heap_limit 00000100

Symbol: __heap_limit
   Definitions
      At line 35 in file ..\Startup\startup_thm36.s
   Uses
      None
Comment: __heap_limit unused
4 symbols



ARM Macro Assembler    Page 1 Alphabetic symbol ordering
Relocatable symbols

RESET 00000000

Symbol: RESET
   Definitions
      At line 44 in file ..\Startup\startup_thm36.s
   Uses
      None
Comment: RESET unused
__Vectors 00000000

Symbol: __Vectors
   Definitions
      At line 49 in file ..\Startup\startup_thm36.s
   Uses
      At line 45 in file ..\Startup\startup_thm36.s
      At line 144 in file ..\Startup\startup_thm36.s

__Vectors_End 00000168

Symbol: __Vectors_End
   Definitions
      At line 142 in file ..\Startup\startup_thm36.s
   Uses
      At line 46 in file ..\Startup\startup_thm36.s
      At line 144 in file ..\Startup\startup_thm36.s

3 symbols



ARM Macro Assembler    Page 1 Alphabetic symbol ordering
Relocatable symbols

.text 00000000

Symbol: .text
   Definitions
      At line 146 in file ..\Startup\startup_thm36.s
   Uses
      None
Comment: .text unused
ADC_IRQHandler 0000003E

Symbol: ADC_IRQHandler
   Definitions
      At line 317 in file ..\Startup\startup_thm36.s
   Uses
      At line 121 in file ..\Startup\startup_thm36.s
      At line 267 in file ..\Startup\startup_thm36.s

AES_IRQHandler 0000003E

Symbol: AES_IRQHandler
   Definitions
      At line 285 in file ..\Startup\startup_thm36.s
   Uses
      At line 79 in file ..\Startup\startup_thm36.s
      At line 235 in file ..\Startup\startup_thm36.s

AHBMMU_IRQHandler 0000003E

Symbol: AHBMMU_IRQHandler
   Definitions
      At line 283 in file ..\Startup\startup_thm36.s
   Uses
      At line 72 in file ..\Startup\startup_thm36.s
      At line 233 in file ..\Startup\startup_thm36.s

ASH_IRQHandler 0000003E

Symbol: ASH_IRQHandler
   Definitions
      At line 294 in file ..\Startup\startup_thm36.s
   Uses
      At line 89 in file ..\Startup\startup_thm36.s
      At line 244 in file ..\Startup\startup_thm36.s

BusFault_Handler 00000032

Symbol: BusFault_Handler
   Definitions
      At line 202 in file ..\Startup\startup_thm36.s
   Uses
      At line 54 in file ..\Startup\startup_thm36.s
      At line 203 in file ..\Startup\startup_thm36.s

DES_IRQHandler 0000003E

Symbol: DES_IRQHandler
   Definitions
      At line 286 in file ..\Startup\startup_thm36.s
   Uses



ARM Macro Assembler    Page 2 Alphabetic symbol ordering
Relocatable symbols

      At line 80 in file ..\Startup\startup_thm36.s
      At line 236 in file ..\Startup\startup_thm36.s

DMA_IRQHandler 0000003E

Symbol: DMA_IRQHandler
   Definitions
      At line 282 in file ..\Startup\startup_thm36.s
   Uses
      At line 71 in file ..\Startup\startup_thm36.s
      At line 232 in file ..\Startup\startup_thm36.s

DebugMon_Handler 00000038

Symbol: DebugMon_Handler
   Definitions
      At line 216 in file ..\Startup\startup_thm36.s
   Uses
      At line 61 in file ..\Startup\startup_thm36.s
      At line 217 in file ..\Startup\startup_thm36.s

Default_Handler 0000003E

Symbol: Default_Handler
   Definitions
      At line 229 in file ..\Startup\startup_thm36.s
   Uses
      None
Comment: Default_Handler unused
EGS_IRQHandler 0000003E

Symbol: EGS_IRQHandler
   Definitions
      At line 288 in file ..\Startup\startup_thm36.s
   Uses
      At line 83 in file ..\Startup\startup_thm36.s
      At line 238 in file ..\Startup\startup_thm36.s

EXTI0_15_IRQHandler 0000003E

Symbol: EXTI0_15_IRQHandler
   Definitions
      At line 321 in file ..\Startup\startup_thm36.s
   Uses
      At line 132 in file ..\Startup\startup_thm36.s
      At line 271 in file ..\Startup\startup_thm36.s

EXTI16_31_IRQHandler 0000003E

Symbol: EXTI16_31_IRQHandler
   Definitions
      At line 322 in file ..\Startup\startup_thm36.s
   Uses
      At line 133 in file ..\Startup\startup_thm36.s
      At line 272 in file ..\Startup\startup_thm36.s

EXTI32_47_IRQHandler 0000003E

Symbol: EXTI32_47_IRQHandler



ARM Macro Assembler    Page 3 Alphabetic symbol ordering
Relocatable symbols

   Definitions
      At line 323 in file ..\Startup\startup_thm36.s
   Uses
      At line 134 in file ..\Startup\startup_thm36.s
      At line 273 in file ..\Startup\startup_thm36.s

EXTI48_63_IRQHandler 0000003E

Symbol: EXTI48_63_IRQHandler
   Definitions
      At line 324 in file ..\Startup\startup_thm36.s
   Uses
      At line 135 in file ..\Startup\startup_thm36.s
      At line 274 in file ..\Startup\startup_thm36.s

EXTI64_79_IRQHandler 0000003E

Symbol: EXTI64_79_IRQHandler
   Definitions
      At line 325 in file ..\Startup\startup_thm36.s
   Uses
      At line 136 in file ..\Startup\startup_thm36.s
      At line 275 in file ..\Startup\startup_thm36.s

EXTI80_IRQHandler 0000003E

Symbol: EXTI80_IRQHandler
   Definitions
      At line 326 in file ..\Startup\startup_thm36.s
   Uses
      At line 137 in file ..\Startup\startup_thm36.s
      At line 276 in file ..\Startup\startup_thm36.s

EXTI81_IRQHandler 0000003E

Symbol: EXTI81_IRQHandler
   Definitions
      At line 327 in file ..\Startup\startup_thm36.s
   Uses
      At line 138 in file ..\Startup\startup_thm36.s
      At line 277 in file ..\Startup\startup_thm36.s

EXTI82_IRQHandler 0000003E

Symbol: EXTI82_IRQHandler
   Definitions
      At line 328 in file ..\Startup\startup_thm36.s
   Uses
      At line 139 in file ..\Startup\startup_thm36.s
      At line 278 in file ..\Startup\startup_thm36.s

EXTI83_IRQHandler 0000003E

Symbol: EXTI83_IRQHandler
   Definitions
      At line 329 in file ..\Startup\startup_thm36.s
   Uses
      At line 140 in file ..\Startup\startup_thm36.s
      At line 279 in file ..\Startup\startup_thm36.s



ARM Macro Assembler    Page 4 Alphabetic symbol ordering
Relocatable symbols


EXTI84_IRQHandler 0000003E

Symbol: EXTI84_IRQHandler
   Definitions
      At line 330 in file ..\Startup\startup_thm36.s
   Uses
      At line 141 in file ..\Startup\startup_thm36.s
      At line 280 in file ..\Startup\startup_thm36.s

FD2_IRQHandler 0000003E

Symbol: FD2_IRQHandler
   Definitions
      At line 291 in file ..\Startup\startup_thm36.s
   Uses
      At line 86 in file ..\Startup\startup_thm36.s
      At line 241 in file ..\Startup\startup_thm36.s

FD3_IRQHandler 0000003E

Symbol: FD3_IRQHandler
   Definitions
      At line 292 in file ..\Startup\startup_thm36.s
   Uses
      At line 87 in file ..\Startup\startup_thm36.s
      At line 242 in file ..\Startup\startup_thm36.s

Flash1_IRQHandler 0000003E

Symbol: Flash1_IRQHandler
   Definitions
      At line 302 in file ..\Startup\startup_thm36.s
   Uses
      At line 101 in file ..\Startup\startup_thm36.s
      At line 252 in file ..\Startup\startup_thm36.s

GPIO_IRQHandler 0000003E

Symbol: GPIO_IRQHandler
   Definitions
      At line 303 in file ..\Startup\startup_thm36.s
   Uses
      At line 104 in file ..\Startup\startup_thm36.s
      At line 253 in file ..\Startup\startup_thm36.s

HardFault_Handler 0000002E

Symbol: HardFault_Handler
   Definitions
      At line 192 in file ..\Startup\startup_thm36.s
   Uses
      At line 52 in file ..\Startup\startup_thm36.s
      At line 193 in file ..\Startup\startup_thm36.s

I2C_IRQHandler 0000003E

Symbol: I2C_IRQHandler
   Definitions



ARM Macro Assembler    Page 5 Alphabetic symbol ordering
Relocatable symbols

      At line 309 in file ..\Startup\startup_thm36.s
   Uses
      At line 112 in file ..\Startup\startup_thm36.s
      At line 259 in file ..\Startup\startup_thm36.s

ISO7816M1_IRQHandler 0000003E

Symbol: ISO7816M1_IRQHandler
   Definitions
      At line 310 in file ..\Startup\startup_thm36.s
   Uses
      At line 113 in file ..\Startup\startup_thm36.s
      At line 260 in file ..\Startup\startup_thm36.s

ISO7816M2_IRQHandler 0000003E

Symbol: ISO7816M2_IRQHandler
   Definitions
      At line 311 in file ..\Startup\startup_thm36.s
   Uses
      At line 114 in file ..\Startup\startup_thm36.s
      At line 261 in file ..\Startup\startup_thm36.s

ISO7816M3_IRQHandler 0000003E

Symbol: ISO7816M3_IRQHandler
   Definitions
      At line 312 in file ..\Startup\startup_thm36.s
   Uses
      At line 115 in file ..\Startup\startup_thm36.s
      At line 262 in file ..\Startup\startup_thm36.s

LD_IRQHandler 0000003E

Symbol: LD_IRQHandler
   Definitions
      At line 289 in file ..\Startup\startup_thm36.s
   Uses
      At line 84 in file ..\Startup\startup_thm36.s
      At line 239 in file ..\Startup\startup_thm36.s

Loop 0000000C

Symbol: Loop
   Definitions
      At line 164 in file ..\Startup\startup_thm36.s
   Uses
      At line 167 in file ..\Startup\startup_thm36.s
Comment: Loop used once
Loop1 0000001E

Symbol: Loop1
   Definitions
      At line 173 in file ..\Startup\startup_thm36.s
   Uses
      At line 176 in file ..\Startup\startup_thm36.s
Comment: Loop1 used once
MPU_IRQHandler 0000003E




ARM Macro Assembler    Page 6 Alphabetic symbol ordering
Relocatable symbols

Symbol: MPU_IRQHandler
   Definitions
      At line 284 in file ..\Startup\startup_thm36.s
   Uses
      At line 75 in file ..\Startup\startup_thm36.s
      At line 234 in file ..\Startup\startup_thm36.s

MemManage_Handler 00000030

Symbol: MemManage_Handler
   Definitions
      At line 197 in file ..\Startup\startup_thm36.s
   Uses
      At line 53 in file ..\Startup\startup_thm36.s
      At line 198 in file ..\Startup\startup_thm36.s

NMI_Handler 0000002C

Symbol: NMI_Handler
   Definitions
      At line 187 in file ..\Startup\startup_thm36.s
   Uses
      At line 51 in file ..\Startup\startup_thm36.s
      At line 188 in file ..\Startup\startup_thm36.s

PKE_IRQHandler 0000003E

Symbol: PKE_IRQHandler
   Definitions
      At line 287 in file ..\Startup\startup_thm36.s
   Uses
      At line 81 in file ..\Startup\startup_thm36.s
      At line 237 in file ..\Startup\startup_thm36.s

PWM1_IRQHandler 0000003E

Symbol: PWM1_IRQHandler
   Definitions
      At line 313 in file ..\Startup\startup_thm36.s
   Uses
      At line 116 in file ..\Startup\startup_thm36.s
      At line 263 in file ..\Startup\startup_thm36.s

PWM2_IRQHandler 0000003E

Symbol: PWM2_IRQHandler
   Definitions
      At line 314 in file ..\Startup\startup_thm36.s
   Uses
      At line 117 in file ..\Startup\startup_thm36.s
      At line 264 in file ..\Startup\startup_thm36.s

PWM3_IRQHandler 0000003E

Symbol: PWM3_IRQHandler
   Definitions
      At line 319 in file ..\Startup\startup_thm36.s
   Uses
      At line 126 in file ..\Startup\startup_thm36.s



ARM Macro Assembler    Page 7 Alphabetic symbol ordering
Relocatable symbols

      At line 269 in file ..\Startup\startup_thm36.s

PWM4_IRQHandler 0000003E

Symbol: PWM4_IRQHandler
   Definitions
      At line 320 in file ..\Startup\startup_thm36.s
   Uses
      At line 127 in file ..\Startup\startup_thm36.s
      At line 270 in file ..\Startup\startup_thm36.s

PWRC_IRQHandler 0000003E

Symbol: PWRC_IRQHandler
   Definitions
      At line 318 in file ..\Startup\startup_thm36.s
   Uses
      At line 124 in file ..\Startup\startup_thm36.s
      At line 268 in file ..\Startup\startup_thm36.s

PendSV_Handler 0000003A

Symbol: PendSV_Handler
   Definitions
      At line 220 in file ..\Startup\startup_thm36.s
   Uses
      At line 63 in file ..\Startup\startup_thm36.s
      At line 221 in file ..\Startup\startup_thm36.s

RCC_IRQHandler 0000003E

Symbol: RCC_IRQHandler
   Definitions
      At line 281 in file ..\Startup\startup_thm36.s
   Uses
      At line 68 in file ..\Startup\startup_thm36.s
      At line 231 in file ..\Startup\startup_thm36.s

Reset_Handler 00000000

Symbol: Reset_Handler
   Definitions
      At line 151 in file ..\Startup\startup_thm36.s
   Uses
      At line 50 in file ..\Startup\startup_thm36.s
      At line 152 in file ..\Startup\startup_thm36.s

SPI1_IRQHandler 0000003E

Symbol: SPI1_IRQHandler
   Definitions
      At line 304 in file ..\Startup\startup_thm36.s
   Uses
      At line 105 in file ..\Startup\startup_thm36.s
      At line 254 in file ..\Startup\startup_thm36.s

SPI2_IRQHandler 0000003E

Symbol: SPI2_IRQHandler



ARM Macro Assembler    Page 8 Alphabetic symbol ordering
Relocatable symbols

   Definitions
      At line 305 in file ..\Startup\startup_thm36.s
   Uses
      At line 106 in file ..\Startup\startup_thm36.s
      At line 255 in file ..\Startup\startup_thm36.s

SPI3_IRQHandler 0000003E

Symbol: SPI3_IRQHandler
   Definitions
      At line 306 in file ..\Startup\startup_thm36.s
   Uses
      At line 107 in file ..\Startup\startup_thm36.s
      At line 256 in file ..\Startup\startup_thm36.s

SVC_Handler 00000036

Symbol: SVC_Handler
   Definitions
      At line 211 in file ..\Startup\startup_thm36.s
   Uses
      At line 60 in file ..\Startup\startup_thm36.s
      At line 212 in file ..\Startup\startup_thm36.s

SysTick_Handler 0000003C

Symbol: SysTick_Handler
   Definitions
      At line 224 in file ..\Startup\startup_thm36.s
   Uses
      At line 64 in file ..\Startup\startup_thm36.s
      At line 225 in file ..\Startup\startup_thm36.s

TIMER1_IRQHandler 0000003E

Symbol: TIMER1_IRQHandler
   Definitions
      At line 296 in file ..\Startup\startup_thm36.s
   Uses
      At line 91 in file ..\Startup\startup_thm36.s
      At line 246 in file ..\Startup\startup_thm36.s

TIMER2_IRQHandler 0000003E

Symbol: TIMER2_IRQHandler
   Definitions
      At line 297 in file ..\Startup\startup_thm36.s
   Uses
      At line 92 in file ..\Startup\startup_thm36.s
      At line 247 in file ..\Startup\startup_thm36.s

TIMER3_IRQHandler 0000003E

Symbol: TIMER3_IRQHandler
   Definitions
      At line 298 in file ..\Startup\startup_thm36.s
   Uses
      At line 93 in file ..\Startup\startup_thm36.s
      At line 248 in file ..\Startup\startup_thm36.s



ARM Macro Assembler    Page 9 Alphabetic symbol ordering
Relocatable symbols


TIMER4_IRQHandler 0000003E

Symbol: TIMER4_IRQHandler
   Definitions
      At line 299 in file ..\Startup\startup_thm36.s
   Uses
      At line 94 in file ..\Startup\startup_thm36.s
      At line 249 in file ..\Startup\startup_thm36.s

TIMER5_IRQHandler 0000003E

Symbol: TIMER5_IRQHandler
   Definitions
      At line 300 in file ..\Startup\startup_thm36.s
   Uses
      At line 95 in file ..\Startup\startup_thm36.s
      At line 250 in file ..\Startup\startup_thm36.s

TIMER6_IRQHandler 0000003E

Symbol: TIMER6_IRQHandler
   Definitions
      At line 301 in file ..\Startup\startup_thm36.s
   Uses
      At line 96 in file ..\Startup\startup_thm36.s
      At line 251 in file ..\Startup\startup_thm36.s

TRNG_IRQHandler 0000003E

Symbol: TRNG_IRQHandler
   Definitions
      At line 290 in file ..\Startup\startup_thm36.s
   Uses
      At line 85 in file ..\Startup\startup_thm36.s
      At line 240 in file ..\Startup\startup_thm36.s

UART1_IRQHandler 0000003E

Symbol: UART1_IRQHandler
   Definitions
      At line 307 in file ..\Startup\startup_thm36.s
   Uses
      At line 108 in file ..\Startup\startup_thm36.s
      At line 257 in file ..\Startup\startup_thm36.s

UART2_IRQHandler 0000003E

Symbol: UART2_IRQHandler
   Definitions
      At line 308 in file ..\Startup\startup_thm36.s
   Uses
      At line 109 in file ..\Startup\startup_thm36.s
      At line 258 in file ..\Startup\startup_thm36.s

UART5_IRQHandler 0000003E

Symbol: UART5_IRQHandler
   Definitions



ARM Macro Assembler    Page 10 Alphabetic symbol ordering
Relocatable symbols

      At line 316 in file ..\Startup\startup_thm36.s
   Uses
      At line 120 in file ..\Startup\startup_thm36.s
      At line 266 in file ..\Startup\startup_thm36.s

USB_IRQHandler 0000003E

Symbol: USB_IRQHandler
   Definitions
      At line 315 in file ..\Startup\startup_thm36.s
   Uses
      At line 119 in file ..\Startup\startup_thm36.s
      At line 265 in file ..\Startup\startup_thm36.s

UsageFault_Handler 00000034

Symbol: UsageFault_Handler
   Definitions
      At line 207 in file ..\Startup\startup_thm36.s
   Uses
      At line 55 in file ..\Startup\startup_thm36.s
      At line 208 in file ..\Startup\startup_thm36.s

VB_SENSOR_IRQHandler 0000003E

Symbol: VB_SENSOR_IRQHandler
   Definitions
      At line 293 in file ..\Startup\startup_thm36.s
   Uses
      At line 88 in file ..\Startup\startup_thm36.s
      At line 243 in file ..\Startup\startup_thm36.s

WWDT_IRQHandler 0000003E

Symbol: WWDT_IRQHandler
   Definitions
      At line 295 in file ..\Startup\startup_thm36.s
   Uses
      At line 90 in file ..\Startup\startup_thm36.s
      At line 245 in file ..\Startup\startup_thm36.s

__user_initial_stackheap 00000040

Symbol: __user_initial_stackheap
   Definitions
      At line 356 in file ..\Startup\startup_thm36.s
   Uses
      At line 354 in file ..\Startup\startup_thm36.s
Comment: __user_initial_stackheap used once
65 symbols



ARM Macro Assembler    Page 1 Alphabetic symbol ordering
Absolute symbols

Heap_Size 00000100

Symbol: Heap_Size
   Definitions
      At line 30 in file ..\Startup\startup_thm36.s
   Uses
      At line 34 in file ..\Startup\startup_thm36.s
      At line 359 in file ..\Startup\startup_thm36.s

PWR_PSWCR_ADDR 40008010

Symbol: PWR_PSWCR_ADDR
   Definitions
      At line 155 in file ..\Startup\startup_thm36.s
   Uses
      At line 159 in file ..\Startup\startup_thm36.s
      At line 169 in file ..\Startup\startup_thm36.s

PWR_RAM_PD_VALUE 803F0000

Symbol: PWR_RAM_PD_VALUE
   Definitions
      At line 156 in file ..\Startup\startup_thm36.s
   Uses
      At line 160 in file ..\Startup\startup_thm36.s
Comment: PWR_RAM_PD_VALUE used once
PWR_RAM_PU_VALUE 80000000

Symbol: PWR_RAM_PU_VALUE
   Definitions
      At line 157 in file ..\Startup\startup_thm36.s
   Uses
      At line 170 in file ..\Startup\startup_thm36.s
Comment: PWR_RAM_PU_VALUE used once
Stack_Size 00002000

Symbol: Stack_Size
   Definitions
      At line 19 in file ..\Startup\startup_thm36.s
   Uses
      At line 22 in file ..\Startup\startup_thm36.s
      At line 358 in file ..\Startup\startup_thm36.s

__Vectors_Size 00000168

Symbol: __Vectors_Size
   Definitions
      At line 144 in file ..\Startup\startup_thm36.s
   Uses
      At line 47 in file ..\Startup\startup_thm36.s
Comment: __Vectors_Size used once
6 symbols



ARM Macro Assembler    Page 1 Alphabetic symbol ordering
External symbols

SystemInit 00000000

Symbol: SystemInit
   Definitions
      At line 153 in file ..\Startup\startup_thm36.s
   Uses
      At line 178 in file ..\Startup\startup_thm36.s
Comment: SystemInit used once
__main 00000000

Symbol: __main
   Definitions
      At line 154 in file ..\Startup\startup_thm36.s
   Uses
      At line 180 in file ..\Startup\startup_thm36.s
Comment: __main used once
__use_two_region_memory 00000000

Symbol: __use_two_region_memory
   Definitions
      At line 353 in file ..\Startup\startup_thm36.s
   Uses
      None
Comment: __use_two_region_memory unused
3 symbols
420 symbols in table
