Component: ARM Compiler 5.06 update 4 (build 422) Tool: armlink [4d35d2]

==============================================================================

Section Cross References

    startup_thm36.o(STACK) refers (Special) to heapauxi.o(.text) for __use_two_region_memory
    startup_thm36.o(HEAP) refers (Special) to heapauxi.o(.text) for __use_two_region_memory
    startup_thm36.o(RESET) refers (Special) to heapauxi.o(.text) for __use_two_region_memory
    startup_thm36.o(RESET) refers to startup_thm36.o(STACK) for __initial_sp
    startup_thm36.o(RESET) refers to startup_thm36.o(.text) for Reset_Handler
    startup_thm36.o(RESET) refers to thm36_1.3_it.o(i.NMI_Handler) for NMI_Handler
    startup_thm36.o(RESET) refers to thm36_1.3_it.o(i.HardFault_Handler) for HardFault_Handler
    startup_thm36.o(RESET) refers to thm36_1.3_it.o(i.MemManage_Handler) for MemManage_Handler
    startup_thm36.o(RESET) refers to thm36_1.3_it.o(i.BusFault_Handler) for BusFault_Handler
    startup_thm36.o(RESET) refers to thm36_1.3_it.o(i.UsageFault_Handler) for UsageFault_Handler
    startup_thm36.o(RESET) refers to thm36_1.3_it.o(i.SVC_Handler) for SVC_Handler
    startup_thm36.o(RESET) refers to thm36_1.3_it.o(i.DebugMon_Handler) for DebugMon_Handler
    startup_thm36.o(RESET) refers to thm36_1.3_it.o(i.PendSV_Handler) for PendSV_Handler
    startup_thm36.o(RESET) refers to thm36_1.3_it.o(i.SysTick_Handler) for SysTick_Handler
    startup_thm36.o(RESET) refers to thm36_1.3_it.o(i.RCC_IRQHandler) for RCC_IRQHandler
    startup_thm36.o(RESET) refers to thm36_1.3_it.o(i.DMA_IRQHandler) for DMA_IRQHandler
    startup_thm36.o(RESET) refers to thm36_1.3_it.o(i.AHBMMU_IRQHandler) for AHBMMU_IRQHandler
    startup_thm36.o(RESET) refers to thm36_1.3_it.o(i.MPU_IRQHandler) for MPU_IRQHandler
    startup_thm36.o(RESET) refers to thm36_1.3_it.o(i.AES_IRQHandler) for AES_IRQHandler
    startup_thm36.o(RESET) refers to thm36_1.3_it.o(i.DES_IRQHandler) for DES_IRQHandler
    startup_thm36.o(RESET) refers to thm36_1.3_it.o(i.PKE_IRQHandler) for PKE_IRQHandler
    startup_thm36.o(RESET) refers to thm36_1.3_it.o(i.EGS_IRQHandler) for EGS_IRQHandler
    startup_thm36.o(RESET) refers to thm36_1.3_it.o(i.LD_IRQHandler) for LD_IRQHandler
    startup_thm36.o(RESET) refers to thm36_1.3_it.o(i.TRNG_IRQHandler) for TRNG_IRQHandler
    startup_thm36.o(RESET) refers to thm36_1.3_it.o(i.FD2_IRQHandler) for FD2_IRQHandler
    startup_thm36.o(RESET) refers to thm36_1.3_it.o(i.FD3_IRQHandler) for FD3_IRQHandler
    startup_thm36.o(RESET) refers to thm36_1.3_it.o(i.VB_SENSOR_IRQHandler) for VB_SENSOR_IRQHandler
    startup_thm36.o(RESET) refers to thm36_1.3_it.o(i.ASH_IRQHandler) for ASH_IRQHandler
    startup_thm36.o(RESET) refers to thm36_1.3_it.o(i.WWDT_IRQHandler) for WWDT_IRQHandler
    startup_thm36.o(RESET) refers to thm36_1.3_it.o(i.TIMER1_IRQHandler) for TIMER1_IRQHandler
    startup_thm36.o(RESET) refers to thm36_1.3_it.o(i.TIMER2_IRQHandler) for TIMER2_IRQHandler
    startup_thm36.o(RESET) refers to thm36_1.3_it.o(i.TIMER3_IRQHandler) for TIMER3_IRQHandler
    startup_thm36.o(RESET) refers to thm36_1.3_it.o(i.TIMER4_IRQHandler) for TIMER4_IRQHandler
    startup_thm36.o(RESET) refers to thm36_1.3_it.o(i.TIMER5_IRQHandler) for TIMER5_IRQHandler
    startup_thm36.o(RESET) refers to thm36_1.3_it.o(i.TIMER6_IRQHandler) for TIMER6_IRQHandler
    startup_thm36.o(RESET) refers to thm36_1.3_it.o(i.Flash1_IRQHandler) for Flash1_IRQHandler
    startup_thm36.o(RESET) refers to thm36_1.3_it.o(i.GPIO_IRQHandler) for GPIO_IRQHandler
    startup_thm36.o(RESET) refers to thm36_1.3_it.o(i.SPI1_IRQHandler) for SPI1_IRQHandler
    startup_thm36.o(RESET) refers to thm36_1.3_it.o(i.SPI2_IRQHandler) for SPI2_IRQHandler
    startup_thm36.o(RESET) refers to thm36_1.3_it.o(i.SPI3_IRQHandler) for SPI3_IRQHandler
    startup_thm36.o(RESET) refers to thm36_1.3_it.o(i.UART1_IRQHandler) for UART1_IRQHandler
    startup_thm36.o(RESET) refers to thm36_1.3_it.o(i.UART2_IRQHandler) for UART2_IRQHandler
    startup_thm36.o(RESET) refers to thm36_1.3_it.o(i.ISO7816M1_IRQHandler) for ISO7816M1_IRQHandler
    startup_thm36.o(RESET) refers to thm36_1.3_it.o(i.ISO7816M2_IRQHandler) for ISO7816M2_IRQHandler
    startup_thm36.o(RESET) refers to thm36_1.3_it.o(i.ISO7816M3_IRQHandler) for ISO7816M3_IRQHandler
    startup_thm36.o(RESET) refers to thm36_1.3_it.o(i.PWM1_IRQHandler) for PWM1_IRQHandler
    startup_thm36.o(RESET) refers to thm36_1.3_it.o(i.PWM2_IRQHandler) for PWM2_IRQHandler
    startup_thm36.o(RESET) refers to thm36_1.3_it.o(i.USB_IRQHandler) for USB_IRQHandler
    startup_thm36.o(RESET) refers to thm36_1.3_it.o(i.UART5_IRQHandler) for UART5_IRQHandler
    startup_thm36.o(RESET) refers to thm36_1.3_it.o(i.ADC_IRQHandler) for ADC_IRQHandler
    startup_thm36.o(RESET) refers to thm36_1.3_it.o(i.PWM3_IRQHandler) for PWM3_IRQHandler
    startup_thm36.o(RESET) refers to thm36_1.3_it.o(i.PWM4_IRQHandler) for PWM4_IRQHandler
[...]
    AHBMMU_IRQHandler                        0x10000eff   Thumb Code     2  thm36_1.3_it.o(i.AHBMMU_IRQHandler)
    ASH_IRQHandler                           0x10000f01   Thumb Code     4  thm36_1.3_it.o(i.ASH_IRQHandler)
    BAT_IWDT_Cmd                             0x10000f05   Thumb Code    24  vbat.o(i.BAT_IWDT_Cmd)
    BusFault_Handler                         0x10000f21   Thumb Code     2  thm36_1.3_it.o(i.BusFault_Handler)
    CMD_Handle                               0x10000f25   Thumb Code   386  cmd_handle.o(i.CMD_Handle)
    CRC_Calculate                            0x100010d5   Thumb Code    56  cmd_handle.o(i.CRC_Calculate)
    CheckCRC                                 0x10001111   Thumb Code   174  cmd_handle.o(i.CheckCRC)
    DES_IRQHandler                           0x100011cd   Thumb Code     2  thm36_1.3_it.o(i.DES_IRQHandler)
    DMA_ClearITPendingBit                    0x100011d1   Thumb Code   118  dma.o(i.DMA_ClearITPendingBit)
    DMA_Cmd                                  0x10001269   Thumb Code   120  dma.o(i.DMA_Cmd)
    DMA_GetCmdStatus                         0x10001305   Thumb Code    98  dma.o(i.DMA_GetCmdStatus)
    DMA_GetFlagStatus                        0x1000138d   Thumb Code   142  dma.o(i.DMA_GetFlagStatus)
    DMA_GetITStatus                          0x1000143d   Thumb Code   216  dma.o(i.DMA_GetITStatus)
    DMA_IRQHandler                           0x10001535   Thumb Code     8  thm36_1.3_it.o(i.DMA_IRQHandler)
    DMA_ITConfig                             0x1000153d   Thumb Code   142  dma.o(i.DMA_ITConfig)
    DMA_InterruptHandle                      0x100015f1   Thumb Code     8  main.o(i.DMA_InterruptHandle)
    DebugMon_Handler                         0x100015fd   Thumb Code     2  thm36_1.3_it.o(i.DebugMon_Handler)
    EFD3_ClearStatus                         0x10001601   Thumb Code     6  sensor.o(i.EFD3_ClearStatus)
    EFD3_ConfigIT                            0x1000160d   Thumb Code    28  sensor.o(i.EFD3_ConfigIT)
    EFD3_GetStatus                           0x1000162d   Thumb Code    18  sensor.o(i.EFD3_GetStatus)
    EFD3_HighFreDetectCmd                    0x10001645   Thumb Code    32  sensor.o(i.EFD3_HighFreDetectCmd)
    EFD3_LowFreDetectCmd                     0x10001669   Thumb Code    32  sensor.o(i.EFD3_LowFreDetectCmd)
    EGS_IRQHandler                           0x1000168d   Thumb Code     4  thm36_1.3_it.o(i.EGS_IRQHandler)
    EXTI0_15_IRQHandler                      0x10001691   Thumb Code    10  thm36_1.3_it.o(i.EXTI0_15_IRQHandler)
    EXTI16_31_IRQHandler                     0x100016a1   Thumb Code    10  thm36_1.3_it.o(i.EXTI16_31_IRQHandler)
    EXTI32_47_IRQHandler                     0x100016b1   Thumb Code    10  thm36_1.3_it.o(i.EXTI32_47_IRQHandler)
    EXTI48_63_IRQHandler                     0x100016c1   Thumb Code    10  thm36_1.3_it.o(i.EXTI48_63_IRQHandler)
    EXTI64_79_IRQHandler                     0x100016d1   Thumb Code    10  thm36_1.3_it.o(i.EXTI64_79_IRQHandler)
    EXTI80_IRQHandler                        0x100016e1   Thumb Code    10  thm36_1.3_it.o(i.EXTI80_IRQHandler)
    EXTI81_IRQHandler                        0x100016f1   Thumb Code    10  thm36_1.3_it.o(i.EXTI81_IRQHandler)
    EXTI82_IRQHandler                        0x10001701   Thumb Code    10  thm36_1.3_it.o(i.EXTI82_IRQHandler)
    EXTI83_IRQHandler                        0x10001711   Thumb Code    10  thm36_1.3_it.o(i.EXTI83_IRQHandler)
    EXTI84_IRQHandler                        0x1000171b   Thumb Code    10  thm36_1.3_it.o(i.EXTI84_IRQHandler)
    EXTI_ClearITPendingBit                   0x10001725   Thumb Code   170  exti.o(i.EXTI_ClearITPendingBit)
    EXTI_ClearOtherStatus                    0x100017f1   Thumb Code    72  exti.o(i.EXTI_ClearOtherStatus)
    EXTI_ConfigOtherMode                     0x10001839   Thumb Code   570  exti.o(i.EXTI_ConfigOtherMode)
    EXTI_GetPINxStatus                       0x10001a95   Thumb Code   212  exti.o(i.EXTI_GetPINxStatus)
    FD2_IRQHandler                           0x10001b89   Thumb Code     2  thm36_1.3_it.o(i.FD2_IRQHandler)
    FD3_IRQHandler                           0x10001b8d   Thumb Code    10  thm36_1.3_it.o(i.FD3_IRQHandler)
    FLASH_ClearFlag                          0x10001b9d   Thumb Code    92  flash.o(i.FLASH_ClearFlag)
    FLASH_GetFlagStatus                      0x10001c21   Thumb Code    72  flash.o(i.FLASH_GetFlagStatus)
    FLASH_ProgramDoubleWord                  0x10001c91   Thumb Code   150  flash.o(i.FLASH_ProgramDoubleWord)
    Flash1_IRQHandler                        0x10001d59   Thumb Code     2  thm36_1.3_it.o(i.Flash1_IRQHandler)
    Flash_ConfigFastEraseTryTimes            0x10001d5d   Thumb Code   106  flash.o(i.Flash_ConfigFastEraseTryTimes)
    Flash_DcacheCmd                          0x10001df1   Thumb Code    24  flash_cache.o(i.Flash_DcacheCmd)
    Flash_DcacheRest                         0x10001e09   Thumb Code    24  flash_cache.o(i.Flash_DcacheRest)
    Flash_ErasePage                          0x10001e21   Thumb Code   112  flash.o(i.Flash_ErasePage)
    Flash_IcacheCmd                          0x10001eb9   Thumb Code    24  flash_cache.o(i.Flash_IcacheCmd)
    Flash_IcacheRest                         0x10001ed1   Thumb Code    24  flash_cache.o(i.Flash_IcacheRest)
    GPIO_IRQHandler                          0x10001ee9   Thumb Code     2  thm36_1.3_it.o(i.GPIO_IRQHandler)
    GPIO_Init                                0x10001eed   Thumb Code   336  gpio.o(i.GPIO_Init)
    GPIO_PinAFConfig                         0x10002071   Thumb Code   246  gpio.o(i.GPIO_PinAFConfig)
    GetBLVersion                             0x1000219d   Thumb Code     8  main.o(i.GetBLVersion)
    GetChipID                                0x100021a9   Thumb Code    10  main.o(i.GetChipID)
    HardFault_Handler                        0x100021b3   Thumb Code     4  thm36_1.3_it.o(i.HardFault_Handler)
    ISO7816M1_IRQHandler                     0x100021b9   Thumb Code    10  thm36_1.3_it.o(i.ISO7816M1_IRQHandler)
    ISO7816M2_IRQHandler                     0x100021c9   Thumb Code     2  thm36_1.3_it.o(i.ISO7816M2_IRQHandler)
    ISO7816M3_IRQHandler                     0x100021cd   Thumb Code    10  thm36_1.3_it.o(i.ISO7816M3_IRQHandler)
    InitHardware                             0x100021dd   Thumb Code   118  main.o(i.InitHardware)
    LD_IRQHandler                            0x1000225d   Thumb Code     2  thm36_1.3_it.o(i.LD_IRQHandler)
    MAIN_SD_ConfigIT                         0x10002261   Thumb Code    80  vbat.o(i.MAIN_SD_ConfigIT)
    MAIN_SD_GetAlarmStatus                   0x100022b9   Thumb Code    18  vbat.o(i.MAIN_SD_GetAlarmStatus)
    MAIN_TD_ConfigIT                         0x100022d1   Thumb Code    88  vbat.o(i.MAIN_TD_ConfigIT)
    MAIN_TD_GetAlarmStatus                   0x10002331   Thumb Code    18  vbat.o(i.MAIN_TD_GetAlarmStatus)
    MAIN_VD_ConfigIT                         0x10002349   Thumb Code    88  vbat.o(i.MAIN_VD_ConfigIT)
    MAIN_VD_GetAlarmStatus                   0x100023a9   Thumb Code    18  vbat.o(i.MAIN_VD_GetAlarmStatus)
    MPU_IRQHandler                           0x100023c1   Thumb Code     2  thm36_1.3_it.o(i.MPU_IRQHandler)
    MemManage_Handler                        0x100023c3   Thumb Code     2  thm36_1.3_it.o(i.MemManage_Handler)
    NMI_Handler                              0x100023c5   Thumb Code     2  thm36_1.3_it.o(i.NMI_Handler)
    PKE_IRQHandler                           0x100023c7   Thumb Code     2  thm36_1.3_it.o(i.PKE_IRQHandler)
    PWM1_IRQHandler                          0x100023c9   Thumb Code    10  thm36_1.3_it.o(i.PWM1_IRQHandler)
    PWM2_IRQHandler                          0x100023d9   Thumb Code    10  thm36_1.3_it.o(i.PWM2_IRQHandler)
    PWM3_IRQHandler                          0x100023e9   Thumb Code     2  thm36_1.3_it.o(i.PWM3_IRQHandler)
    PWM4_IRQHandler                          0x100023eb   Thumb Code     2  thm36_1.3_it.o(i.PWM4_IRQHandler)
    PWM_ClearStatus                          0x100023ed   Thumb Code     4  pwm.o(i.PWM_ClearStatus)
    PWM_Cmd                                  0x100023f1   Thumb Code    24  pwm.o(i.PWM_Cmd)
    PWM_ConfigIT                             0x10002409   Thumb Code    20  pwm.o(i.PWM_ConfigIT)
    PendSV_Handler                           0x1000241d   Thumb Code     2  thm36_1.3_it.o(i.PendSV_Handler)
    RCC_AHBClockCmd                          0x10002421   Thumb Code    58  rcc.o(i.RCC_AHBClockCmd)
    RCC_APB2PeriphClockCmd                   0x10002481   Thumb Code   102  rcc.o(i.RCC_APB2PeriphClockCmd)
    RCC_APB2PeriphGetResetFlag               0x1000250d   Thumb Code    92  rcc.o(i.RCC_APB2PeriphGetResetFlag)
    RCC_APB2PeriphSoftReset                  0x10002589   Thumb Code    90  rcc.o(i.RCC_APB2PeriphSoftReset)
    RCC_APB3PeriphClockCmd                   0x10002605   Thumb Code    78  rcc.o(i.RCC_APB3PeriphClockCmd)
    RCC_Enable                               0x1000269d   Thumb Code    60  pll_enable.o(i.RCC_Enable)
    RCC_GetFlagStatus                        0x100026dd   Thumb Code   106  rcc.o(i.RCC_GetFlagStatus)
    RCC_GetPLLClockSource                    0x10002751   Thumb Code    10  rcc.o(i.RCC_GetPLLClockSource)
    RCC_GetPLL_H_Clock                       0x10002761   Thumb Code    74  rcc.o(i.RCC_GetPLL_H_Clock)
    RCC_GetSysClocksFreq                     0x100027b5   Thumb Code   182  rcc.o(i.RCC_GetSysClocksFreq)
    RCC_GetSystemClockDivision               0x10002875   Thumb Code    50  rcc.o(i.RCC_GetSystemClockDivision)
    RCC_GetSystemClockSource                 0x100028ad   Thumb Code    10  rcc.o(i.RCC_GetSystemClockSource)
    RCC_HSEConfig                            0x100028bd   Thumb Code   254  rcc.o(i.RCC_HSEConfig)
    RCC_HSICmd                               0x100029d5   Thumb Code    30  rcc.o(i.RCC_HSICmd)
    RCC_IRQHandler                           0x100029f9   Thumb Code     2  thm36_1.3_it.o(i.RCC_IRQHandler)
    RCC_LSECmd                               0x100029fd   Thumb Code    58  rcc.o(i.RCC_LSECmd)
    RCC_LSICmd                               0x10002a3d   Thumb Code    30  rcc.o(i.RCC_LSICmd)
    RCC_PLLCmd                               0x10002a61   Thumb Code    30  rcc.o(i.RCC_PLLCmd)
    RCC_PLLConfig                            0x10002a85   Thumb Code  1202  rcc.o(i.RCC_PLLConfig)
    RCC_Security1PeriphClockCmd              0x10002f49   Thumb Code   106  rcc.o(i.RCC_Security1PeriphClockCmd)
    RCC_Security2PeriphClockCmd              0x10002fd9   Thumb Code    54  rcc.o(i.RCC_Security2PeriphClockCmd)
    RCC_Security2PeriphGetResetFlag          0x10003035   Thumb Code    44  rcc.o(i.RCC_Security2PeriphGetResetFlag)
    RCC_SystemClockConfig                    0x10003081   Thumb Code    58  rcc.o(i.RCC_SystemClockConfig)
    RCC_USBClockConfig                       0x100030e1   Thumb Code    54  rcc.o(i.RCC_USBClockConfig)
    SPI1_IRQHandler                          0x1000313d   Thumb Code    10  thm36_1.3_it.o(i.SPI1_IRQHandler)
    SPI2_IRQHandler                          0x1000314d   Thumb Code     2  thm36_1.3_it.o(i.SPI2_IRQHandler)
    SPI3_IRQHandler                          0x10003151   Thumb Code    10  thm36_1.3_it.o(i.SPI3_IRQHandler)
    SVC_Handler                              0x10003161   Thumb Code     2  thm36_1.3_it.o(i.SVC_Handler)
    SetBase                                  0x10003165   Thumb Code    34  cmd_handle.o(i.SetBase)
    SysTick_Handler                          0x10003195   Thumb Code     8  thm36_1.3_it.o(i.SysTick_Handler)
    SystemInit                               0x1000319d   Thumb Code   114  system_thm36_1.3.o(i.SystemInit)
    TIMER1_IRQHandler                        0x10003221   Thumb Code    10  thm36_1.3_it.o(i.TIMER1_IRQHandler)
    TIMER2_IRQHandler                        0x10003231   Thumb Code    10  thm36_1.3_it.o(i.TIMER2_IRQHandler)
    TIMER3_IRQHandler                        0x10003241   Thumb Code    10  thm36_1.3_it.o(i.TIMER3_IRQHandler)
    TIMER4_IRQHandler                        0x10003251   Thumb Code    10  thm36_1.3_it.o(i.TIMER4_IRQHandler)
    TIMER5_IRQHandler                        0x10003261   Thumb Code    10  thm36_1.3_it.o(i.TIMER5_IRQHandler)
    TIMER6_IRQHandler                        0x10003271   Thumb Code    10  thm36_1.3_it.o(i.TIMER6_IRQHandler)
    TIM_ClearITStatus                        0x10003281   Thumb Code    62  tim.o(i.TIM_ClearITStatus)
    TMC_ADC_DeInit                           0x100032ed   Thumb Code    42  tmc_adc.o(i.TMC_ADC_DeInit)
    TMC_ADC_IRQHandler                       0x10003317   Thumb Code    48  tmc_adc.o(i.TMC_ADC_IRQHandler)
    TMC_ADC_MspDeInit                        0x10003349   Thumb Code    78  adc_demomain.o(i.TMC_ADC_MspDeInit)
    TMC_ADC_StructInit                       0x1000339d   Thumb Code    24  tmc_adc.o(i.TMC_ADC_StructInit)
    TMC_ADCx_ErrorCallback                   0x100033b5   Thumb Code    24  adc_demomain.o(i.TMC_ADCx_ErrorCallback)
    TMC_Check_Uart5_RxFIFO_Threshold         0x100033d1   Thumb Code    64  tmc_uart5.o(i.TMC_Check_Uart5_RxFIFO_Threshold)
    TMC_DMA_IRQHandler                       0x10003411   Thumb Code   258  tmc_dma.o(i.TMC_DMA_IRQHandler)
    TMC_Delay                                0x10003515   Thumb Code    38  tmc_systick.o(i.TMC_Delay)
    TMC_EXTI_CpltCallback                    0x10003541   Thumb Code   122  pwr_demomain.o(i.TMC_EXTI_CpltCallback)
    TMC_EXTI_GPIOA_IRQHandler                0x100035c5   Thumb Code    66  tmc_exti.o(i.TMC_EXTI_GPIOA_IRQHandler)
    TMC_EXTI_GPIOB_IRQHandler                0x10003607   Thumb Code    62  tmc_exti.o(i.TMC_EXTI_GPIOB_IRQHandler)
    TMC_EXTI_GPIOC_IRQHandler                0x10003645   Thumb Code    66  tmc_exti.o(i.TMC_EXTI_GPIOC_IRQHandler)
    TMC_EXTI_GPIOD_IRQHandler                0x10003687   Thumb Code    66  tmc_exti.o(i.TMC_EXTI_GPIOD_IRQHandler)
    TMC_EXTI_GPIOE_IRQHandler                0x100036c9   Thumb Code    66  tmc_exti.o(i.TMC_EXTI_GPIOE_IRQHandler)
    TMC_EXTI_IWDT_Alarm_IRQHandler           0x1000370b   Thumb Code    22  tmc_exti.o(i.TMC_EXTI_IWDT_Alarm_IRQHandler)
    TMC_EXTI_RTC_Alarm_IRQHandler            0x10003721   Thumb Code    22  tmc_exti.o(i.TMC_EXTI_RTC_Alarm_IRQHandler)
    TMC_EXTI_USB_Resume_IRQHandler           0x10003737   Thumb Code    20  tmc_exti.o(i.TMC_EXTI_USB_Resume_IRQHandler)
    TMC_FLASH_ErasePage                      0x1000374b   Thumb Code   138  tmc_flash.o(i.TMC_FLASH_ErasePage)
    TMC_FLASH_Msp_Init                       0x100037d5   Thumb Code    22  tmc_flash.o(i.TMC_FLASH_Msp_Init)
    TMC_FLASH_ProgramDoubleWord              0x100037eb   Thumb Code    96  tmc_flash.o(i.TMC_FLASH_ProgramDoubleWord)
    TMC_FLASH_WaitForOperation               0x1000384b   Thumb Code    34  tmc_flash.o(i.TMC_FLASH_WaitForOperation)
    TMC_GPIO_Init                            0x1000386d   Thumb Code    16  tmc_gpio.o(i.TMC_GPIO_Init)
    TMC_GPIO_StructInit                      0x1000387d   Thumb Code    20  tmc_gpio.o(i.TMC_GPIO_StructInit)
    TMC_GetTick                              0x10003891   Thumb Code     6  tmc_systick.o(i.TMC_GetTick)
    TMC_IncTick                              0x1000389d   Thumb Code    16  tmc_systick.o(i.TMC_IncTick)
    TMC_InitTick                             0x100038b5   Thumb Code   168  tmc_systick.o(i.TMC_InitTick)
    TMC_M7816x_IRQHandler                    0x10003975   Thumb Code    34  tmc_iso7816mx.o(i.TMC_M7816x_IRQHandler)
    TMC_PWM_CpltCallback                     0x10003997   Thumb Code     2  pwm_demomain.o(i.TMC_PWM_CpltCallback)
    TMC_PWM_IRQHandler                       0x10003999   Thumb Code    56  tmc_pwm.o(i.TMC_PWM_IRQHandler)
    TMC_RCC_OscConfig                        0x100039d1   Thumb Code   502  tmc_rcc.o(i.TMC_RCC_OscConfig)
    TMC_RCC_SystemClockConfig                0x10003bfd   Thumb Code    76  tmc_rcc.o(i.TMC_RCC_SystemClockConfig)
    TMC_SPI_IRQHandler                       0x10003c49   Thumb Code    48  tmc_spi.o(i.TMC_SPI_IRQHandler)
    TMC_SYSTICK_Config                       0x10003c79   Thumb Code    52  tmc_systick.o(i.TMC_SYSTICK_Config)
    TMC_TIM_Callback                         0x10003cad   Thumb Code    12  tim_demomain.o(i.TMC_TIM_Callback)
    TMC_TIM_IRQHandler                       0x10003cbd   Thumb Code    22  tmc_tim.o(i.TMC_TIM_IRQHandler)
    TMC_UART5_ErrorCallback                  0x10003cd3   Thumb Code     2  uart5_demomain.o(i.TMC_UART5_ErrorCallback)
    TMC_UART5_IRQHandler                     0x10003cd5   Thumb Code   362  tmc_uart5.o(i.TMC_UART5_IRQHandler)
    TMC_UART5_RxCpltCallback                 0x10003e45   Thumb Code     2  uart5_demomain.o(i.TMC_UART5_RxCpltCallback)
    TMC_UART5_TxCpltCallback                 0x10003e47   Thumb Code     2  uart5_demomain.o(i.TMC_UART5_TxCpltCallback)
    TMC_UART_ErrorCallback                   0x10003e49   Thumb Code     2  uart_demomain.o(i.TMC_UART_ErrorCallback)
    TMC_UART_IRQHandler                      0x10003e4b   Thumb Code   144  tmc_uart.o(i.TMC_UART_IRQHandler)
    TMC_UART_Init                            0x10003edb   Thumb Code    54  tmc_uart.o(i.TMC_UART_Init)
    TMC_UART_MspInit                         0x10003f11   Thumb Code   134  uart_demomain.o(i.TMC_UART_MspInit)
    TMC_UART_RxCpltCallback                  0x10003fa1   Thumb Code     2  uart_demomain.o(i.TMC_UART_RxCpltCallback)
    TMC_UART_StructInit                      0x10003fa3   Thumb Code    30  tmc_uart.o(i.TMC_UART_StructInit)
    TMC_UART_TxCpltCallback                  0x10003fc1   Thumb Code     2  uart_demomain.o(i.TMC_UART_TxCpltCallback)
    TMC_VBAT_EFD3_IRQHandler                 0x10003fc3   Thumb Code   100  tmc_vbat.o(i.TMC_VBAT_EFD3_IRQHandler)
    TMC_VBAT_EFD3_Stop_IT                    0x10004027   Thumb Code    54  tmc_vbat.o(i.TMC_VBAT_EFD3_Stop_IT)
    TMC_VBAT_IWDT_Stop_IT                    0x1000405d   Thumb Code    32  tmc_vbat.o(i.TMC_VBAT_IWDT_Stop_IT)
    TMC_VBAT_SD_Stop_IT                      0x1000407d   Thumb Code    98  tmc_vbat.o(i.TMC_VBAT_SD_Stop_IT)
    TMC_VBAT_SensorAlarmCpltCallback         0x100040e1   Thumb Code   188  vbat_demomain.o(i.TMC_VBAT_SensorAlarmCpltCallback)
    TMC_VBAT_Sensor_IRQHandler               0x100041a1   Thumb Code   316  tmc_vbat.o(i.TMC_VBAT_Sensor_IRQHandler)
    TMC_VBAT_TD_Stop_IT                      0x100042dd   Thumb Code    32  tmc_vbat.o(i.TMC_VBAT_TD_Stop_IT)
    TMC_VBAT_VD_Stop_IT                      0x100042fd   Thumb Code    38  tmc_vbat.o(i.TMC_VBAT_VD_Stop_IT)
    TMC_WDT_IRQHandler                       0x10004323   Thumb Code    24  tmc_wdt.o(i.TMC_WDT_IRQHandler)
    TRNG_IRQHandler                          0x1000433b   Thumb Code     2  thm36_1.3_it.o(i.TRNG_IRQHandler)
    Thm36RamReset                            0x1000433d   Thumb Code   290  ramreset.o(i.Thm36RamReset)
    UART1_IRQHandler                         0x10004495   Thumb Code    10  thm36_1.3_it.o(i.UART1_IRQHandler)
    UART2_IRQHandler                         0x100044a5   Thumb Code    10  thm36_1.3_it.o(i.UART2_IRQHandler)
    UART5_IRQHandler                         0x100044d5   Thumb Code    10  thm36_1.3_it.o(i.UART5_IRQHandler)
    UART_ClearITStatus                       0x100045c1   Thumb Code    34  uart.o(i.UART_ClearITStatus)
    UART_DMACmd                              0x1000460d   Thumb Code    70  uart.o(i.UART_DMACmd)
    UART_GetITStatus                         0x1000467d   Thumb Code    68  uart.o(i.UART_GetITStatus)
    UART_ITConfig                            0x100046e9   Thumb Code    64  uart.o(i.UART_ITConfig)
    UART_Init                                0x10004751   Thumb Code   264  uart.o(i.UART_Init)
    UART_PrintInit                           0x1000488d   Thumb Code    32  printfunc.o(i.UART_PrintInit)
    UART_SendData                            0x100048f1   Thumb Code    34  uart.o(i.UART_SendData)
    UART_StructInit                          0x1000493d   Thumb Code    20  uart_demomain.o(i.UART_StructInit)
    UART_printf                              0x10004987   Thumb Code    36  printfunc.o(i.UART_printf)
    USB_DemoMain                             0x100049ad   Thumb Code    64  usb_demomain.o(i.USB_DemoMain)
    USB_IRQHandler                           0x100049f1   Thumb Code    28  thm36_1.3_it.o(i.USB_IRQHandler)
    USB_Init                                 0x10004a15   Thumb Code   112  usb_demomain.o(i.USB_Init)
    USB_main                                 0x10004a8d   Thumb Code    50  usb_main.o(i.USB_main)
    UsageFault_Handler                       0x10004ac9   Thumb Code     2  thm36_1.3_it.o(i.UsageFault_Handler)
    VBAT_SDx_ClearAlarmStatus                0x10004acd   Thumb Code     6  vbat.o(i.VBAT_SDx_ClearAlarmStatus)
    VBAT_SDx_Cmd                             0x10004ad9   Thumb Code   298  vbat.o(i.VBAT_SDx_Cmd)
    VBAT_SDx_GetAlarmStatus                  0x10004c09   Thumb Code    18  vbat.o(i.VBAT_SDx_GetAlarmStatus)
    VBAT_TD_ClearStatus                      0x10004c21   Thumb Code     6  vbat.o(i.VBAT_TD_ClearStatus)
    VBAT_TD_Cmd                              0x10004c2d   Thumb Code    32  vbat.o(i.VBAT_TD_Cmd)
    VBAT_VD_ClearStatus                      0x10004c51   Thumb Code     6  vbat.o(i.VBAT_VD_ClearStatus)
    VBAT_VD_HighLevelCmd                     0x10004c5d   Thumb Code    32  vbat.o(i.VBAT_VD_HighLevelCmd)
    VBAT_VD_LowLevelCmd                      0x10004c81   Thumb Code    32  vbat.o(i.VBAT_VD_LowLevelCmd)
    VB_SENSOR_IRQHandler                     0x10004ca5   Thumb Code    10  thm36_1.3_it.o(i.VB_SENSOR_IRQHandler)
    WDT_ClearFlag                            0x10004cb5   Thumb Code    28  wdt.o(i.WDT_ClearFlag)
    WDT_GetITStatus                          0x10004cd9   Thumb Code    18  wdt.o(i.WDT_GetITStatus)
    WWDT_IRQHandler                          0x10004ced   Thumb Code    10  thm36_1.3_it.o(i.WWDT_IRQHandler)
    assert_failed                            0x10004d79   Thumb Code     4  main.o(i.assert_failed)
    ccidCommandProcess                       0x10004d7d   Thumb Code   200  ccid_handle.o(i.ccidCommandProcess)
    ccidDataRateAndClockFrequencyProcess     0x10004e59   Thumb Code     6  ccid_handle.o(i.ccidDataRateAndClockFrequencyProcess)
    ccidPowerOffProcess                      0x10004e61   Thumb Code    12  ccid_handle.o(i.ccidPowerOffProcess)
    ccidPowerOnProcess                       0x10004e71   Thumb Code    28  ccid_handle.o(i.ccidPowerOnProcess)
    ccidSetParametersProcess                 0x10004e95   Thumb Code     8  ccid_handle.o(i.ccidSetParametersProcess)
    do_div                                   0x10004e9d   Thumb Code    26  printfunc.o(i.do_div)
    main                                     0x10004eb9   Thumb Code    66  main.o(i.main)
    printfStr                                0x10005141   Thumb Code    52  printfunc.o(i.printfStr)
    strnlen                                  0x100051a9   Thumb Code    30  printfunc.o(i.strnlen)
    usbCcidEpnRxAllData                      0x100051c9   Thumb Code    82  usb_ep_handle.o(i.usbCcidEpnRxAllData)
    usbDataEpStatus                          0x10005221   Thumb Code    60  usb_ep_handle.o(i.usbDataEpStatus)
    usbEp0RxTx                               0x1000526d   Thumb Code   468  usb_ep.o(i.usbEp0RxTx)
    usbEp0TxAll                              0x100054b1   Thumb Code    98  usb_ep.o(i.usbEp0TxAll)
    usbEpHandle                              0x10005519   Thumb Code   142  usb_ep_handle.o(i.usbEpHandle)
    usbEpInit                                0x100055b5   Thumb Code   370  usb_ep_init.o(i.usbEpInit)
    usbEpnRxFirstPacket                      0x100058a1   Thumb Code    86  usb_ep.o(i.usbEpnRxFirstPacket)
    usbEpnRxLastAllData                      0x100058fd   Thumb Code   266  usb_ep.o(i.usbEpnRxLastAllData)
    usbEpnTxAll                              0x10005a0d   Thumb Code    32  usb_ep.o(i.usbEpnTxAll)
    usbReqHandle                             0x10005a2d   Thumb Code    50  usb_main.o(i.usbReqHandle)
    usbStdReqClearFeature                    0x10005aa5   Thumb Code   330  usb_std_req.o(i.usbStdReqClearFeature)
    usbStdReqGetConfigDescriptor             0x10005c01   Thumb Code   136  usb_enum.o(i.usbStdReqGetConfigDescriptor)
    usbStdReqGetConfiguration                0x10005cad   Thumb Code    82  usb_std_req.o(i.usbStdReqGetConfiguration)
    usbStdReqGetDescriptor                   0x10005d0d   Thumb Code    72  usb_std_req.o(i.usbStdReqGetDescriptor)
    usbStdReqGetDeviceDescriptor             0x10005d5d   Thumb Code   138  usb_enum.o(i.usbStdReqGetDeviceDescriptor)
    usbStdReqGetInterface                    0x10005dfd   Thumb Code    68  usb_std_req.o(i.usbStdReqGetInterface)
    usbStdReqGetStatus                       0x10005e51   Thumb Code   278  usb_std_req.o(i.usbStdReqGetStatus)
    usbStdReqGetStringDescriptor             0x10005f7d   Thumb Code   286  usb_enum.o(i.usbStdReqGetStringDescriptor)
    usbStdReqRfu1                            0x100060b5   Thumb Code     2  usb_std_req.o(i.usbStdReqRfu1)
    usbStdReqRfu2                            0x100060b7   Thumb Code     2  usb_std_req.o(i.usbStdReqRfu2)
    usbStdReqSetAddress                      0x100060b9   Thumb Code    68  usb_std_req.o(i.usbStdReqSetAddress)
    usbStdReqSetConfiguration                0x10006105   Thumb Code   146  usb_std_req.o(i.usbStdReqSetConfiguration)
    usbStdReqSetDescriptor                   0x100061a1   Thumb Code    24  usb_std_req.o(i.usbStdReqSetDescriptor)
    usbStdReqSetFeature                      0x100061bd   Thumb Code   284  usb_std_req.o(i.usbStdReqSetFeature)
    usbStdReqSetInterface                    0x100062e9   Thumb Code    70  usb_std_req.o(i.usbStdReqSetInterface)
    usbStdReqSynchFrame                      0x10006339   Thumb Code    40  usb_std_req.o(i.usbStdReqSynchFrame)
    usb_Init                                 0x10006365   Thumb Code    38  usb_main.o(i.usb_Init)
    vsnprintf                                0x100063a5   Thumb Code   926  printfunc.o(i.vsnprintf)
    vsprintf                                 0x10006751   Thumb Code    22  printfunc.o(i.vsprintf)
    __aeabi_d2f                              0x10006769   Thumb Code     0  d2f.o(x$fpl$d2f)
    _d2f                                     0x10006769   Thumb Code    98  d2f.o(x$fpl$d2f)
    __aeabi_dadd                             0x100067cd   Thumb Code     0  daddsub_clz.o(x$fpl$dadd)
    _dadd                                    0x100067cd   Thumb Code   332  daddsub_clz.o(x$fpl$dadd)
    __aeabi_ddiv                             0x1000691d   Thumb Code     0  ddiv.o(x$fpl$ddiv)
    _ddiv                                    0x1000691d   Thumb Code   552  ddiv.o(x$fpl$ddiv)
    __aeabi_d2uiz                            0x10006bcd   Thumb Code     0  dfixu.o(x$fpl$dfixu)
    _dfixu                                   0x10006bcd   Thumb Code    90  dfixu.o(x$fpl$dfixu)
    __aeabi_ui2d                             0x10006c27   Thumb Code     0  dflt_clz.o(x$fpl$dfltu)
    _dfltu                                   0x10006c27   Thumb Code    38  dflt_clz.o(x$fpl$dfltu)
    __aeabi_dmul                             0x10006c4d   Thumb Code     0  dmul.o(x$fpl$dmul)
    _dmul                                    0x10006c4d   Thumb Code   332  dmul.o(x$fpl$dmul)
    __fpl_dnaninf                            0x10006da1   Thumb Code   156  dnaninf.o(x$fpl$dnaninf)
    __fpl_dretinf                            0x10006e3d   Thumb Code    12  dretinf.o(x$fpl$dretinf)
    __aeabi_dsub                             0x10006e49   Thumb Code     0  daddsub_clz.o(x$fpl$dsub)
    _dsub                                    0x10006e49   Thumb Code   464  daddsub_clz.o(x$fpl$dsub)
    __aeabi_f2d                              0x1000701d   Thumb Code     0  f2d.o(x$fpl$f2d)
    _f2d                                     0x1000701d   Thumb Code    86  f2d.o(x$fpl$f2d)
    __aeabi_fadd                             0x10007075   Thumb Code     0  faddsub_clz.o(x$fpl$fadd)
    _fadd                                    0x10007075   Thumb Code   196  faddsub_clz.o(x$fpl$fadd)
    __fpl_fcmp_Inf                           0x10007139   Thumb Code    24  fcmpi.o(x$fpl$fcmpinf)
    __aeabi_fdiv                             0x10007151   Thumb Code     0  fdiv.o(x$fpl$fdiv)
    _fdiv                                    0x10007151   Thumb Code   384  fdiv.o(x$fpl$fdiv)
    __aeabi_f2uiz                            0x100072d5   Thumb Code     0  ffixu.o(x$fpl$ffixu)
    _ffixu                                   0x100072d5   Thumb Code    62  ffixu.o(x$fpl$ffixu)
    __aeabi_ui2f                             0x10007315   Thumb Code     0  fflt_clz.o(x$fpl$ffltu)
    _ffltu                                   0x10007315   Thumb Code    38  fflt_clz.o(x$fpl$ffltu)
    __aeabi_cfcmple                          0x1000733d   Thumb Code     0  fleqf.o(x$fpl$fleqf)
    _fcmple                                  0x1000733d   Thumb Code   104  fleqf.o(x$fpl$fleqf)
    __fpl_fcmple_InfNaN                      0x1000738f   Thumb Code     0  fleqf.o(x$fpl$fleqf)
    __aeabi_fmul                             0x100073a5   Thumb Code     0  fmul.o(x$fpl$fmul)
    _fmul                                    0x100073a5   Thumb Code   258  fmul.o(x$fpl$fmul)
    __fpl_fnaninf                            0x100074a7   Thumb Code   140  fnaninf.o(x$fpl$fnaninf)
    __fpl_fretinf                            0x10007533   Thumb Code    10  fretinf.o(x$fpl$fretinf)
    __aeabi_frsub                            0x1000753d   Thumb Code     0  faddsub_clz.o(x$fpl$frsb)
    _frsb                                    0x1000753d   Thumb Code    20  faddsub_clz.o(x$fpl$frsb)
    __aeabi_fsub                             0x10007551   Thumb Code     0  faddsub_clz.o(x$fpl$fsub)
    _fsub                                    0x10007551   Thumb Code   234  faddsub_clz.o(x$fpl$fsub)
    Reader1ATR                               0x1000763a   Data           7  ccid_handle.o(.constdata)
    __I$use$fp                               0x1000763a   Number         0  usenofp.o(x$fpl$usenofp)
    ccidInterfaceDescriptor                  0x10007641   Data           9  ccid_sys_init.o(.constdata)
    ccidSmartCardDeviceClassDescriptor       0x1000764a   Data          54  ccid_sys_init.o(.constdata)
    ccidEndpointDescriptor                   0x10007680   Data          15  ccid_sys_init.o(.constdata)
    ccidReaderStringDescriptor               0x1000768f   Data          34  ccid_sys_init.o(.constdata)
    usbDeviceDescriptor                      0x100076b1   Data          18  usb_enum.o(.constdata)
    usbConfigDescriptor                      0x100076c3   Data           9  usb_enum.o(.constdata)
    usbManufacturerStringDescriptor          0x100076cc   Data           8  usb_enum.o(.constdata)
    usbProductStringDescriptor               0x100076d4   Data          18  usb_enum.o(.constdata)
    usbVspDeviceDescriptor                   0x100076e6   Data          18  usb_enum.o(.constdata)
    usbStdReq                                0x100076f8   Data          52  usb_std_req.o(.constdata)
    usbVspConfigDescriptor                   0x1000772c   Data          67  vsp_init.o(.constdata)
    vspLineCoding                            0x1000776f   Data           7  vsp_init.o(.constdata)
    usbVspProductStringDescriptor            0x10007776   Data          54  vsp_init.o(.constdata)
    SW                                       0x100077ac   Data          20  cmd_handle.o(.constdata)
    _ctype                                   0x100077c0   Data         256  printfunc.o(.constdata)
    ccidMessageType                          0x100078c0   Data          14  ccid_command.o(.constdata)
    ccidPCtoRDRHandle                        0x100078d0   Data          56  ccid_command.o(.constdata)
    Region$$Table$$Base                      0x10007908   Number         0  anon$$obj.o(Region$$Table)
    Region$$Table$$Limit                     0x10007928   Number         0  anon$$obj.o(Region$$Table)
    RCC_SysclkInitStruct                     0x20018000   Data           8  system_thm36_1.3.o(.data)
    g_Icc1PowerOn                            0x20018008   Data           1  ccid_sys_init.o(.data)
    g_bUsbEp1RcvDataFlag                     0x20018009   Data           1  ccid_sys_init.o(.data)
    g_sUsbEp2TxLen                           0x2001800a   Data           2  ccid_sys_init.o(.data)
    g_sUsbEp0TxLen                           0x2001800c   Data           2  usb_ep.o(.data)
    USB_Time                                 0x2001800e   Data           1  usb_main.o(.data)
    g_bCcidReader                            0x2001800f   Data           1  usb_main.o(.data)
    g_bUsbRemoteWakeUp                       0x20018010   Data           1  usb_std_req.o(.data)
    g_bUsbEpHalt                             0x20018011   Data           1  usb_std_req.o(.data)
    g_bVspLineCoding                         0x20018012   Data           7  vsp_request.o(.data)
    SWptr                                    0x2001801c   Data           1  cmd_handle.o(.data)
    Foffset                                  0x20018020   Data           4  cmd_handle.o(.data)
    g_abComBuf                               0x20018024   Data           5  cmd_handle.o(.data)
    Nbpage                                   0x2001802a   Data           2  cmd_handle.o(.data)
    FlashAddress                             0x2001802c   Data           4  cmd_handle.o(.data)
    state                                    0x20018030   Data           1  cmd_handle.o(.data)
    uwTick                                   0x20018034   Data           4  tmc_systick.o(.data)
    SystemCoreClock                          0x20018038   Data           4  tmc_systick.o(.data)
    SystemCoreClock_MHz                      0x2001803c   Data           4  tmc_systick.o(.data)
    uwTickPrio                               0x20018040   Data           4  tmc_systick.o(.data)
    uwTickFreq                               0x20018044   Data           1  tmc_systick.o(.data)
    ADCx_Complete_Flag                       0x20018046   Data           2  adc_demomain.o(.data)
    ADC2_Complete_Flag                       0x20018048   Data           2  adc_demomain.o(.data)
    ADC5_Complete_Flag                       0x2001804a   Data           2  adc_demomain.o(.data)
    ADC6_Complete_Flag                       0x2001804c   Data           2  adc_demomain.o(.data)
    Flash_Buf                                0x20018050   Data         512  flash_demomain.o(.data)
    Program                                  0x20018250   Data           8  flash_demomain.o(.data)
    timinit                                  0x20018258   Data           4  tim_demomain.o(.data)
    TimeOverFlowNumbers                      0x2001825c   Data           4  tim_demomain.o(.data)
    TMC_ALARM_Flag                           0x20018260   Data           1  vbat_demomain.o(.data)
    Temp                                     0x20018264   Data         128  vbat_demomain.o(.data)
    EXTI_Result                              0x200182e4   Data           4  pwr_demomain.o(.data)
    RCC_OscInitStruct                        0x200182e8   Data          32  system_thm36_1.3.o(.bss)
    st_ccidCmdMessage                        0x20018308   Data          12  ccid_sys_init.o(.bss)
    st_usbDeviceRequest                      0x20018314   Data          12  usb_ep.o(.bss)
    IOBuf                                    0x20018320   Data         256  cmd_handle.o(.bss)
    g_FlashBuff                              0x20018420   Data         512  cmd_handle.o(.bss)
    ISO7816M2_Initx                          0x20018620   Data          12  7816mx_demomain.o(.bss)
    TMC_ISO7816M                             0x2001862c   Data          56  7816mx_demomain.o(.bss)
    ISO7816M_DMA_RX_Init                     0x20018664   Data          80  7816mx_demomain.o(.bss)
    ISO7816M_DMA_TX_Init                     0x200186b4   Data          80  7816mx_demomain.o(.bss)
    GPIOD_Init                               0x20018704   Data          24  7816mx_demomain.o(.bss)
    ATR_Buffer                               0x2001871c   Data         256  7816mx_demomain.o(.bss)
    M7816x_Buffer                            0x2001881c   Data         256  7816mx_demomain.o(.bss)
    TMC_ADC                                  0x2001891c   Data          44  adc_demomain.o(.bss)
    ADC_Init                                 0x20018948   Data          16  adc_demomain.o(.bss)
    ADC_AMP_Init                             0x20018958   Data          16  adc_demomain.o(.bss)
    GPIOB_Init                               0x20018968   Data          24  adc_demomain.o(.bss)
    GPIOC_Init                               0x20018980   Data          24  adc_demomain.o(.bss)
    ADC_DMA2_Init                            0x20018998   Data          80  adc_demomain.o(.bss)
    ADC_DMA5_Init                            0x200189e8   Data          80  adc_demomain.o(.bss)
    ADC_DMA6_Init                            0x20018a38   Data          80  adc_demomain.o(.bss)
    Adc2Buffer                               0x20018a88   Data        2048  adc_demomain.o(.bss)
    Adc5Buffer                               0x20019288   Data        2048  adc_demomain.o(.bss)
    Adc6Buffer                               0x20019a88   Data        2048  adc_demomain.o(.bss)
    AdcxBuffer                               0x2001a288   Data        2048  adc_demomain.o(.bss)
    EraseMode                                0x2001aa88   Data          12  flash_demomain.o(.bss)
    testbuf                                  0x2001aa94   Data         500  flash_demomain.o(.bss)
    hpwm                                     0x2001ac88   Data          20  pwm_demomain.o(.bss)
    PWM_Init                                 0x2001ac9c   Data          20  pwm_demomain.o(.bss)
    TMC_SPIx                                 0x2001acb0   Data          52  spi_demomain.o(.bss)
    SPI1_Init                                0x2001ace4   Data          24  spi_demomain.o(.bss)
    SPI3_Init                                0x2001acfc   Data          24  spi_demomain.o(.bss)
    SPI_DMA_tx_Init                          0x2001ad14   Data          80  spi_demomain.o(.bss)
    SPI_DMA_rx_Init                          0x2001ad64   Data          80  spi_demomain.o(.bss)
    SPITestBuffer_rx                         0x2001adb4   Data         256  spi_demomain.o(.bss)
    SPITestBuffer2                           0x2001aeb4   Data         256  spi_demomain.o(.bss)
    htimx                                    0x2001afb4   Data          12  tim_demomain.o(.bss)
    huartx                                   0x2001afc0   Data          52  uart_demomain.o(.bss)
    uart_init                                0x2001aff4   Data          16  uart_demomain.o(.bss)
    hdma_UART1_rx                            0x2001b004   Data          80  uart_demomain.o(.bss)
    hdma_UART1_tx                            0x2001b054   Data          80  uart_demomain.o(.bss)
    UART_TxBuf                               0x2001b0a4   Data         256  uart_demomain.o(.bss)
    UART_RxBuf                               0x2001b1a4   Data         256  uart_demomain.o(.bss)
    huart5                                   0x2001b2a4   Data          56  uart5_demomain.o(.bss)
    uart5_init                               0x2001b2dc   Data          44  uart5_demomain.o(.bss)
    hdma_UART5_rx                            0x2001b308   Data          80  uart5_demomain.o(.bss)
    hdma_UART5_tx                            0x2001b358   Data          80  uart5_demomain.o(.bss)
    UART5_TxBuf                              0x2001b3a8   Data         256  uart5_demomain.o(.bss)
    UART5_RxBuf                              0x2001b4a8   Data         256  uart5_demomain.o(.bss)
    hVbat                                    0x2001b5a8   Data         152  vbat_demomain.o(.bss)
    Temp1                                    0x2001b640   Data         128  vbat_demomain.o(.bss)
    hwdt                                     0x2001b6c0   Data          12  wdt_demomain.o(.bss)
    EXTI_State                               0x2001b6cc   Data          32  pwr_demomain.o(.bss)
    huartx_printf                            0x2001b6ec   Data          52  printfunc.o(.bss)
    uart_init_printf                         0x2001b720   Data          16  printfunc.o(.bss)
    __libspace_start                         0x2001b730   Data          96  libspace.o(.bss)
    __temporary_stack_top$libspace           0x2001b790   Data           0  libspace.o(.bss)
    ECC_P1UB_KEY                             0x21003060   Data          64  crypto_demomain.o(.ARM.__AT_0x21003060)
    ECC_P1RIV_KEY                            0x210030a0   Data          32  crypto_demomain.o(.ARM.__AT_0x210030A0)
    RSA_CRT_KEY_P                            0x21003100   Data         256  crypto_demomain.o(.ARM.__AT_0x21003100)
    RSA_CRT_KEY_Q                            0x21003200   Data         256  crypto_demomain.o(.ARM.__AT_0x21003200)
    RSA_CRT_KEY_DP                           0x21003300   Data         256  crypto_demomain.o(.ARM.__AT_0x21003300)
    RSA_CRT_KEY_DQ                           0x21003400   Data         256  crypto_demomain.o(.ARM.__AT_0x21003400)
    RSA_CRT_KEY_QINV                         0x21003500   Data         256  crypto_demomain.o(.ARM.__AT_0x21003500)
    g_abUsbEp0Buf                            0x21004000   Data         576  usb_ep.o(.ARM.__AT_0x21004000)
    g_abUsbEp2Buf                            0x21004240   Data         288  ccid_sys_init.o(.ARM.__AT_0x21004240)
    g_abUsbEp1Buf                            0x21004360   Data         288  ccid_sys_init.o(.ARM.__AT_0x21004360)



==============================================================================

Memory Map of the image

  Image Entry point : 0x10000401

  Load Region LR_IROM1 (Base: 0x10000000, Size: 0x00000168, Max: 0x00000200, ABSOLUTE)

    Execution Region ER_IROM1 (Base: 0x10000000, Size: 0x00000168, Max: 0x00000200, ABSOLUTE)

    Base Addr    Size         Type   Attr      Idx    E Section Name        Object

    0x10000000   0x00000168   Data   RO            3    RESET               startup_thm36.o



  Load Region LR_IROM2 (Base: 0x10000400, Size: 0x00007810, Max: 0x0007fc00, ABSOLUTE, COMPRESSED[0x00007654])

    Execution Region ER_IROM2 (Base: 0x10000400, Size: 0x00007528, Max: 0x0007fc00, ABSOLUTE)

    Base Addr    Size         Type   Attr      Idx    E Section Name        Object

    0x10000400   0x00000008   Code   RO         8883  * !!!main             c_w.l(__main.o)
    0x10000408   0x00000034   Code   RO         9119    !!!scatter          c_w.l(__scatter.o)
    0x1000043c   0x00000064   Code   RO         9117    !!dclz77c           c_w.l(__dclz77c.o)
    0x100004a0   0x0000001c   Code   RO         9121    !!handler_zi        c_w.l(__scatter_zi.o)
    0x100004bc   0x00000002   Code   RO         8987    .ARM.Collect$$libinit$$00000000  c_w.l(libinit.o)
    0x100004be   0x00000000   Code   RO         9000    .ARM.Collect$$libinit$$00000002  c_w.l(libinit2.o)
    0x100004be   0x00000000   Code   RO         9002    .ARM.Collect$$libinit$$00000004  c_w.l(libinit2.o)
    0x100004be   0x00000000   Code   RO         9005    .ARM.Collect$$libinit$$0000000A  c_w.l(libinit2.o)
    0x100004be   0x00000000   Code   RO         9007    .ARM.Collect$$libinit$$0000000C  c_w.l(libinit2.o)
    0x100004be   0x00000000   Code   RO         9009    .ARM.Collect$$libinit$$0000000E  c_w.l(libinit2.o)
    0x100004be   0x00000000   Code   RO         9012    .ARM.Collect$$libinit$$00000011  c_w.l(libinit2.o)
    0x100004be   0x00000000   Code   RO         9014    .ARM.Collect$$libinit$$00000013  c_w.l(libinit2.o)
    0x100004be   0x00000000   Code   RO         9016    .ARM.Collect$$libinit$$00000015  c_w.l(libinit2.o)
    0x100004be   0x00000000   Code   RO         9018    .ARM.Collect$$libinit$$00000017  c_w.l(libinit2.o)
    0x100004be   0x00000000   Code   RO         9020    .ARM.Collect$$libinit$$00000019  c_w.l(libinit2.o)
    0x100004be   0x00000000   Code   RO         9022    .ARM.Collect$$libinit$$0000001B  c_w.l(libinit2.o)
    0x100004be   0x00000000   Code   RO         9024    .ARM.Collect$$libinit$$0000001D  c_w.l(libinit2.o)
    0x100004be   0x00000000   Code   RO         9026    .ARM.Collect$$libinit$$0000001F  c_w.l(libinit2.o)
    0x100004be   0x00000000   Code   RO         9028    .ARM.Collect$$libinit$$00000021  c_w.l(libinit2.o)
    0x100004be   0x00000000   Code   RO         9030    .ARM.Collect$$libinit$$00000023  c_w.l(libinit2.o)
    0x100004be   0x00000000   Code   RO         9032    .ARM.Collect$$libinit$$00000025  c_w.l(libinit2.o)
    0x100004be   0x00000000   Code   RO         9036    .ARM.Collect$$libinit$$0000002C  c_w.l(libinit2.o)
    0x100004be   0x00000000   Code   RO         9038    .ARM.Collect$$libinit$$0000002E  c_w.l(libinit2.o)
    0x100004be   0x00000000   Code   RO         9040    .ARM.Collect$$libinit$$00000030  c_w.l(libinit2.o)
    0x100004be   0x00000000   Code   RO         9042    .ARM.Collect$$libinit$$00000032  c_w.l(libinit2.o)
    0x100004be   0x00000002   Code   RO         9043    .ARM.Collect$$libinit$$00000033  c_w.l(libinit2.o)
    0x100004c0   0x00000002   Code   RO         9074    .ARM.Collect$$libshutdown$$00000000  c_w.l(libshutdown.o)
    0x100004c2   0x00000000   Code   RO         9100    .ARM.Collect$$libshutdown$$00000002  c_w.l(libshutdown2.o)
    0x100004c2   0x00000000   Code   RO         9102    .ARM.Collect$$libshutdown$$00000004  c_w.l(libshutdown2.o)
    0x100004c2   0x00000000   Code   RO         9105    .ARM.Collect$$libshutdown$$00000007  c_w.l(libshutdown2.o)
    0x100004c2   0x00000000   Code   RO         9108    .ARM.Collect$$libshutdown$$0000000A  c_w.l(libshutdown2.o)
    0x100004c2   0x00000000   Code   RO         9110    .ARM.Collect$$libshutdown$$0000000C  c_w.l(libshutdown2.o)
    0x100004c2   0x00000000   Code   RO         9113    .ARM.Collect$$libshutdown$$0000000F  c_w.l(libshutdown2.o)
    0x100004c2   0x00000002   Code   RO         9114    .ARM.Collect$$libshutdown$$00000010  c_w.l(libshutdown2.o)
    0x100004c4   0x00000000   Code   RO         8939    .ARM.Collect$$rtentry$$00000000  c_w.l(__rtentry.o)
    0x100004c4   0x00000000   Code   RO         8958    .ARM.Collect$$rtentry$$00000002  c_w.l(__rtentry2.o)
    0x100004c4   0x00000006   Code   RO         8970    .ARM.Collect$$rtentry$$00000004  c_w.l(__rtentry4.o)
    0x100004ca   0x00000000   Code   RO         8960    .ARM.Collect$$rtentry$$00000009  c_w.l(__rtentry2.o)
    0x100004ca   0x00000004   Code   RO         8961    .ARM.Collect$$rtentry$$0000000A  c_w.l(__rtentry2.o)
    0x100004ce   0x00000000   Code   RO         8963    .ARM.Collect$$rtentry$$0000000C  c_w.l(__rtentry2.o)
    0x100004ce   0x00000008   Code   RO         8964    .ARM.Collect$$rtentry$$0000000D  c_w.l(__rtentry2.o)
    0x100004d6   0x00000002   Code   RO         8991    .ARM.Collect$$rtexit$$00000000  c_w.l(rtexit.o)
    0x100004d8   0x00000000   Code   RO         9047    .ARM.Collect$$rtexit$$00000002  c_w.l(rtexit2.o)
    0x100004d8   0x00000004   Code   RO         9048    .ARM.Collect$$rtexit$$00000003  c_w.l(rtexit2.o)
    0x100004dc   0x00000006   Code   RO         9049    .ARM.Collect$$rtexit$$00000004  c_w.l(rtexit2.o)
    0x100004e2   0x00000002   PAD
    0x100004e4   0x0000006c   Code   RO            4    .text               startup_thm36.o
    0x10000550   0x000000ac   Code   RO         8626    .text               CCID.lib(ccid_main.o)
    0x100005fc   0x00000052   Code   RO         8653    .text               CCID.lib(ccid_request.o)
    0x1000064e   0x00000002   PAD
    0x10000650   0x00000588   Code   RO         8841    .text               CCID.lib(ccid_command.o)
    0x10000bd8   0x000000ee   Code   RO         8867    .text               c_w.l(lludivv7m.o)
    0x10000cc6   0x0000008a   Code   RO         8871    .text               c_w.l(rt_memcpy_v6.o)
    0x10000d50   0x00000064   Code   RO         8873    .text               c_w.l(rt_memcpy_w.o)
    0x10000db4   0x00000006   Code   RO         8881    .text               c_w.l(heapauxi.o)
    0x10000dba   0x0000004a   Code   RO         8974    .text               c_w.l(sys_stackheap_outer.o)
    0x10000e04   0x00000012   Code   RO         8976    .text               c_w.l(exit.o)
    0x10000e16   0x00000002   PAD
    0x10000e18   0x00000008   Code   RO         8988    .text               c_w.l(libspace.o)
    0x10000e20   0x0000000c   Code   RO         9044    .text               c_w.l(sys_exit.o)
    0x10000e2c   0x00000002   Code   RO         9063    .text               c_w.l(use_no_semi.o)
    0x10000e2e   0x00000000   Code   RO         9065    .text               c_w.l(indicate_semi.o)
    0x10000e2e   0x00000002   PAD
    0x10000e30   0x0000000c   Code   RO         1438    i.ADC_ClearStatus   adc.o
    0x10000e3c   0x00000024   Code   RO         1439    i.ADC_Cmd           adc.o
    0x10000e60   0x00000020   Code   RO         1444    i.ADC_ConfigIT      adc.o
    0x10000e80   0x00000044   Code   RO         6808    i.ADC_DMA_Handle    adc_demomain.o
    0x10000ec4   0x00000020   Code   RO         1452    i.ADC_DeInitial     adc.o
    0x10000ee4   0x00000008   Code   RO          298    i.ADC_IRQHandler    thm36_1.3_it.o
    0x10000eec   0x00000010   Code   RO         6812    i.ADC_InterruptHandle  adc_demomain.o
    0x10000efc   0x00000002   Code   RO          299    i.AES_IRQHandler    thm36_1.3_it.o
    0x10000efe   0x00000002   Code   RO          300    i.AHBMMU_IRQHandler  thm36_1.3_it.o
    0x10000f00   0x00000004   Code   RO          301    i.ASH_IRQHandler    thm36_1.3_it.o
    0x10000f04   0x0000001c   Code   RO         3683    i.BAT_IWDT_Cmd      vbat.o
    0x10000f20   0x00000002   Code   RO          302    i.BusFault_Handler  thm36_1.3_it.o
    0x10000f22   0x00000002   PAD
    0x10000f24   0x000001b0   Code   RO         1381    i.CMD_Handle        cmd_handle.o
    0x100010d4   0x0000003c   Code   RO         1382    i.CRC_Calculate     cmd_handle.o
    0x10001110   0x000000bc   Code   RO         1383    i.CheckCRC          cmd_handle.o
    0x100011cc   0x00000002   Code   RO          303    i.DES_IRQHandler    thm36_1.3_it.o
    0x100011ce   0x00000002   PAD
    0x100011d0   0x00000098   Code   RO         1646    i.DMA_ClearITPendingBit  dma.o
    0x10001268   0x0000009c   Code   RO         1647    i.DMA_Cmd           dma.o
    0x10001304   0x00000088   Code   RO         1649    i.DMA_GetCmdStatus  dma.o
    0x1000138c   0x000000b0   Code   RO         1651    i.DMA_GetFlagStatus  dma.o
    0x1000143c   0x000000f8   Code   RO         1652    i.DMA_GetITStatus   dma.o
    0x10001534   0x00000008   Code   RO          304    i.DMA_IRQHandler    thm36_1.3_it.o
    0x1000153c   0x000000b4   Code   RO         1653    i.DMA_ITConfig      dma.o
    0x100015f0   0x0000000c   Code   RO           13    i.DMA_InterruptHandle  main.o
    0x100015fc   0x00000002   Code   RO          305    i.DebugMon_Handler  thm36_1.3_it.o
    0x100015fe   0x00000002   PAD
    0x10001600   0x0000000c   Code   RO         3038    i.EFD3_ClearStatus  sensor.o
    0x1000160c   0x00000020   Code   RO         3039    i.EFD3_ConfigIT     sensor.o
    0x1000162c   0x00000018   Code   RO         3042    i.EFD3_GetStatus    sensor.o
    0x10001644   0x00000024   Code   RO         3043    i.EFD3_HighFreDetectCmd  sensor.o
    0x10001668   0x00000024   Code   RO         3045    i.EFD3_LowFreDetectCmd  sensor.o
    0x1000168c   0x00000004   Code   RO          306    i.EGS_IRQHandler    thm36_1.3_it.o
    0x10001690   0x00000010   Code   RO          307    i.EXTI0_15_IRQHandler  thm36_1.3_it.o
    0x100016a0   0x00000010   Code   RO          308    i.EXTI16_31_IRQHandler  thm36_1.3_it.o
    0x100016b0   0x00000010   Code   RO          309    i.EXTI32_47_IRQHandler  thm36_1.3_it.o
    0x100016c0   0x00000010   Code   RO          310    i.EXTI48_63_IRQHandler  thm36_1.3_it.o
    0x100016d0   0x00000010   Code   RO          311    i.EXTI64_79_IRQHandler  thm36_1.3_it.o
    0x100016e0   0x00000010   Code   RO          312    i.EXTI80_IRQHandler  thm36_1.3_it.o
    0x100016f0   0x00000010   Code   RO          313    i.EXTI81_IRQHandler  thm36_1.3_it.o
    0x10001700   0x00000010   Code   RO          314    i.EXTI82_IRQHandler  thm36_1.3_it.o
    0x10001710   0x0000000a   Code   RO          315    i.EXTI83_IRQHandler  thm36_1.3_it.o
    0x1000171a   0x0000000a   Code   RO          316    i.EXTI84_IRQHandler  thm36_1.3_it.o
    0x10001724   0x000000cc   Code   RO         1747    i.EXTI_ClearITPendingBit  exti.o
    0x100017f0   0x00000048   Code   RO         1748    i.EXTI_ClearOtherStatus  exti.o
    0x10001838   0x0000025c   Code   RO         1754    i.EXTI_ConfigOtherMode  exti.o
    0x10001a94   0x000000f4   Code   RO         1758    i.EXTI_GetPINxStatus  exti.o
    0x10001b88   0x00000002   Code   RO          317    i.FD2_IRQHandler    thm36_1.3_it.o
    0x10001b8a   0x00000002   PAD
    0x10001b8c   0x00000010   Code   RO          318    i.FD3_IRQHandler    thm36_1.3_it.o
    0x10001b9c   0x00000084   Code   RO         1843    i.FLASH_ClearFlag   flash.o
    0x10001c20   0x00000070   Code   RO         1844    i.FLASH_GetFlagStatus  flash.o
    0x10001c90   0x000000c8   Code   RO         1846    i.FLASH_ProgramDoubleWord  flash.o
    0x10001d58   0x00000002   Code   RO          319    i.Flash1_IRQHandler  thm36_1.3_it.o
    0x10001d5a   0x00000002   PAD
    0x10001d5c   0x00000094   Code   RO         1848    i.Flash_ConfigFastEraseTryTimes  flash.o
    0x10001df0   0x00000018   Code   RO         1920    i.Flash_DcacheCmd   flash_cache.o
    0x10001e08   0x00000018   Code   RO         1924    i.Flash_DcacheRest  flash_cache.o
    0x10001e20   0x00000098   Code   RO         1851    i.Flash_ErasePage   flash.o
    0x10001eb8   0x00000018   Code   RO         1928    i.Flash_IcacheCmd   flash_cache.o
    0x10001ed0   0x00000018   Code   RO         1932    i.Flash_IcacheRest  flash_cache.o
    0x10001ee8   0x00000002   Code   RO          320    i.GPIO_IRQHandler   thm36_1.3_it.o
    0x10001eea   0x00000002   PAD
    0x10001eec   0x00000184   Code   RO         2033    i.GPIO_Init         gpio.o
    0x10002070   0x0000012c   Code   RO         2035    i.GPIO_PinAFConfig  gpio.o
    0x1000219c   0x0000000c   Code   RO           14    i.GetBLVersion      main.o
    0x100021a8   0x0000000a   Code   RO           15    i.GetChipID         main.o
    0x100021b2   0x00000004   Code   RO          321    i.HardFault_Handler  thm36_1.3_it.o
    0x100021b6   0x00000002   PAD
    0x100021b8   0x00000010   Code   RO          323    i.ISO7816M1_IRQHandler  thm36_1.3_it.o
    0x100021c8   0x00000002   Code   RO          324    i.ISO7816M2_IRQHandler  thm36_1.3_it.o
    0x100021ca   0x00000002   PAD
    0x100021cc   0x00000010   Code   RO          325    i.ISO7816M3_IRQHandler  thm36_1.3_it.o
    0x100021dc   0x00000080   Code   RO           16    i.InitHardware      main.o
    0x1000225c   0x00000002   Code   RO          326    i.LD_IRQHandler     thm36_1.3_it.o
    0x1000225e   0x00000002   PAD
    0x10002260   0x00000058   Code   RO         3712    i.MAIN_SD_ConfigIT  vbat.o
    0x100022b8   0x00000018   Code   RO         3713    i.MAIN_SD_GetAlarmStatus  vbat.o
    0x100022d0   0x00000060   Code   RO         3714    i.MAIN_TD_ConfigIT  vbat.o
    0x10002330   0x00000018   Code   RO         3715    i.MAIN_TD_GetAlarmStatus  vbat.o
    0x10002348   0x00000060   Code   RO         3716    i.MAIN_VD_ConfigIT  vbat.o
    0x100023a8   0x00000018   Code   RO         3717    i.MAIN_VD_GetAlarmStatus  vbat.o
    0x100023c0   0x00000002   Code   RO          327    i.MPU_IRQHandler    thm36_1.3_it.o
    0x100023c2   0x00000002   Code   RO          328    i.MemManage_Handler  thm36_1.3_it.o
    0x100023c4   0x00000002   Code   RO          329    i.NMI_Handler       thm36_1.3_it.o
    0x100023c6   0x00000002   Code   RO          330    i.PKE_IRQHandler    thm36_1.3_it.o
    0x100023c8   0x00000010   Code   RO          331    i.PWM1_IRQHandler   thm36_1.3_it.o
    0x100023d8   0x00000010   Code   RO          332    i.PWM2_IRQHandler   thm36_1.3_it.o
    0x100023e8   0x00000002   Code   RO          333    i.PWM3_IRQHandler   thm36_1.3_it.o
    0x100023ea   0x00000002   Code   RO          334    i.PWM4_IRQHandler   thm36_1.3_it.o
    0x100023ec   0x00000004   Code   RO         2542    i.PWM_ClearStatus   pwm.o
    0x100023f0   0x00000018   Code   RO         2543    i.PWM_Cmd           pwm.o
    0x10002408   0x00000014   Code   RO         2544    i.PWM_ConfigIT      pwm.o
    0x1000241c   0x00000002   Code   RO          335    i.PendSV_Handler    thm36_1.3_it.o
    0x1000241e   0x00000002   PAD
    0x10002420   0x00000060   Code   RO         2676    i.RCC_AHBClockCmd   rcc.o
    0x10002480   0x0000008c   Code   RO         2680    i.RCC_APB2PeriphClockCmd  rcc.o
    0x1000250c   0x0000007c   Code   RO         2682    i.RCC_APB2PeriphGetResetFlag  rcc.o
    0x10002588   0x0000007c   Code   RO         2683    i.RCC_APB2PeriphSoftReset  rcc.o
    0x10002604   0x00000074   Code   RO         2684    i.RCC_APB3PeriphClockCmd  rcc.o
    0x10002678   0x00000024   Code   RO         8666    i.RCC_Cmd           pll_V100.lib(pll_enable.o)
    0x1000269c   0x00000040   Code   RO         8667    i.RCC_Enable        pll_V100.lib(pll_enable.o)
    0x100026dc   0x00000074   Code   RO         2693    i.RCC_GetFlagStatus  rcc.o
    0x10002750   0x00000010   Code   RO         2694    i.RCC_GetPLLClockSource  rcc.o
    0x10002760   0x00000054   Code   RO         2695    i.RCC_GetPLL_H_Clock  rcc.o
    0x100027b4   0x000000c0   Code   RO         2698    i.RCC_GetSysClocksFreq  rcc.o
    0x10002874   0x00000038   Code   RO         2699    i.RCC_GetSystemClockDivision  rcc.o
    0x100028ac   0x00000010   Code   RO         2700    i.RCC_GetSystemClockSource  rcc.o
    0x100028bc   0x00000118   Code   RO         2705    i.RCC_HSEConfig     rcc.o
    0x100029d4   0x00000024   Code   RO         2706    i.RCC_HSICmd        rcc.o
    0x100029f8   0x00000002   Code   RO          336    i.RCC_IRQHandler    thm36_1.3_it.o
    0x100029fa   0x00000002   PAD
    0x100029fc   0x00000040   Code   RO         2708    i.RCC_LSECmd        rcc.o
    0x10002a3c   0x00000024   Code   RO         2709    i.RCC_LSICmd        rcc.o
    0x10002a60   0x00000024   Code   RO         2710    i.RCC_PLLCmd        rcc.o
    0x10002a84   0x000004c4   Code   RO         2711    i.RCC_PLLConfig     rcc.o
    0x10002f48   0x00000090   Code   RO         2715    i.RCC_Security1PeriphClockCmd  rcc.o
    0x10002fd8   0x0000005c   Code   RO         2719    i.RCC_Security2PeriphClockCmd  rcc.o
    0x10003034   0x0000004c   Code   RO         2721    i.RCC_Security2PeriphGetResetFlag  rcc.o
    0x10003080   0x00000060   Code   RO         2724    i.RCC_SystemClockConfig  rcc.o
    0x100030e0   0x0000005c   Code   RO         2727    i.RCC_USBClockConfig  rcc.o
    0x1000313c   0x00000010   Code   RO          337    i.SPI1_IRQHandler   thm36_1.3_it.o
    0x1000314c   0x00000002   Code   RO          338    i.SPI2_IRQHandler   thm36_1.3_it.o
    0x1000314e   0x00000002   PAD
    0x10003150   0x00000010   Code   RO          339    i.SPI3_IRQHandler   thm36_1.3_it.o
    0x10003160   0x00000002   Code   RO          340    i.SVC_Handler       thm36_1.3_it.o
    0x10003162   0x00000002   PAD
    0x10003164   0x00000030   Code   RO         1384    i.SetBase           cmd_handle.o
    0x10003194   0x00000008   Code   RO          341    i.SysTick_Handler   thm36_1.3_it.o
    0x1000319c   0x00000084   Code   RO          246    i.SystemInit        system_thm36_1.3.o
    0x10003220   0x00000010   Code   RO          342    i.TIMER1_IRQHandler  thm36_1.3_it.o
    0x10003230   0x00000010   Code   RO          343    i.TIMER2_IRQHandler  thm36_1.3_it.o
    0x10003240   0x00000010   Code   RO          344    i.TIMER3_IRQHandler  thm36_1.3_it.o
    0x10003250   0x00000010   Code   RO          345    i.TIMER4_IRQHandler  thm36_1.3_it.o
    0x10003260   0x00000010   Code   RO          346    i.TIMER5_IRQHandler  thm36_1.3_it.o
    0x10003270   0x00000010   Code   RO          347    i.TIMER6_IRQHandler  thm36_1.3_it.o
    0x10003280   0x0000006c   Code   RO         3425    i.TIM_ClearITStatus  tim.o
    0x100032ec   0x0000002a   Code   RO         4334    i.TMC_ADC_DeInit    tmc_adc.o
    0x10003316   0x00000030   Code   RO         4347    i.TMC_ADC_IRQHandler  tmc_adc.o
    0x10003346   0x00000002   PAD
    0x10003348   0x00000054   Code   RO         6822    i.TMC_ADC_MspDeInit  adc_demomain.o
    0x1000339c   0x00000018   Code   RO         4363    i.TMC_ADC_StructInit  tmc_adc.o
    0x100033b4   0x0000001c   Code   RO         6824    i.TMC_ADCx_ErrorCallback  adc_demomain.o
    0x100033d0   0x00000040   Code   RO         6065    i.TMC_Check_Uart5_RxFIFO_Threshold  tmc_uart5.o
    0x10003410   0x00000102   Code   RO         4547    i.TMC_DMA_IRQHandler  tmc_dma.o
    0x10003512   0x00000002   PAD
    0x10003514   0x0000002c   Code   RO         5704    i.TMC_Delay         tmc_systick.o
    0x10003540   0x00000084   Code   RO         8239    i.TMC_EXTI_CpltCallback  pwr_demomain.o
    0x100035c4   0x00000042   Code   RO         4637    i.TMC_EXTI_GPIOA_IRQHandler  tmc_exti.o
    0x10003606   0x0000003e   Code   RO         4638    i.TMC_EXTI_GPIOB_IRQHandler  tmc_exti.o
    0x10003644   0x00000042   Code   RO         4639    i.TMC_EXTI_GPIOC_IRQHandler  tmc_exti.o
    0x10003686   0x00000042   Code   RO         4640    i.TMC_EXTI_GPIOD_IRQHandler  tmc_exti.o
    0x100036c8   0x00000042   Code   RO         4641    i.TMC_EXTI_GPIOE_IRQHandler  tmc_exti.o
    0x1000370a   0x00000016   Code   RO         4642    i.TMC_EXTI_IWDT_Alarm_IRQHandler  tmc_exti.o
    0x10003720   0x00000016   Code   RO         4643    i.TMC_EXTI_RTC_Alarm_IRQHandler  tmc_exti.o
    0x10003736   0x00000014   Code   RO         4644    i.TMC_EXTI_USB_Resume_IRQHandler  tmc_exti.o
    0x1000374a   0x0000008a   Code   RO         4708    i.TMC_FLASH_ErasePage  tmc_flash.o
    0x100037d4   0x00000016   Code   RO         4710    i.TMC_FLASH_Msp_Init  tmc_flash.o
    0x100037ea   0x00000060   Code   RO         4711    i.TMC_FLASH_ProgramDoubleWord  tmc_flash.o
    0x1000384a   0x00000022   Code   RO         4713    i.TMC_FLASH_WaitForOperation  tmc_flash.o
    0x1000386c   0x00000010   Code   RO         4869    i.TMC_GPIO_Init     tmc_gpio.o
    0x1000387c   0x00000014   Code   RO         4871    i.TMC_GPIO_StructInit  tmc_gpio.o
    0x10003890   0x0000000c   Code   RO         5705    i.TMC_GetTick       tmc_systick.o
    0x1000389c   0x00000018   Code   RO         5708    i.TMC_IncTick       tmc_systick.o
    0x100038b4   0x000000c0   Code   RO         5709    i.TMC_InitTick      tmc_systick.o
    0x10003974   0x00000022   Code   RO         5014    i.TMC_M7816x_IRQHandler  tmc_iso7816mx.o
    0x10003996   0x00000002   Code   RO         7149    i.TMC_PWM_CpltCallback  pwm_demomain.o
    0x10003998   0x00000038   Code   RO         5259    i.TMC_PWM_IRQHandler  tmc_pwm.o
    0x100039d0   0x0000022c   Code   RO         5366    i.TMC_RCC_OscConfig  tmc_rcc.o
    0x10003bfc   0x0000004c   Code   RO         5367    i.TMC_RCC_SystemClockConfig  tmc_rcc.o
    0x10003c48   0x00000030   Code   RO         5407    i.TMC_SPI_IRQHandler  tmc_spi.o
    0x10003c78   0x00000034   Code   RO         5712    i.TMC_SYSTICK_Config  tmc_systick.o
    0x10003cac   0x00000010   Code   RO         7578    i.TMC_TIM_Callback  tim_demomain.o
    0x10003cbc   0x00000016   Code   RO         5824    i.TMC_TIM_IRQHandler  tmc_tim.o
    0x10003cd2   0x00000002   Code   RO         7763    i.TMC_UART5_ErrorCallback  uart5_demomain.o
    0x10003cd4   0x00000170   Code   RO         6069    i.TMC_UART5_IRQHandler  tmc_uart5.o
    0x10003e44   0x00000002   Code   RO         7766    i.TMC_UART5_RxCpltCallback  uart5_demomain.o
    0x10003e46   0x00000002   Code   RO         7767    i.TMC_UART5_TxCpltCallback  uart5_demomain.o
    0x10003e48   0x00000002   Code   RO         7667    i.TMC_UART_ErrorCallback  uart_demomain.o
    0x10003e4a   0x00000090   Code   RO         5914    i.TMC_UART_IRQHandler  tmc_uart.o
    0x10003eda   0x00000036   Code   RO         5915    i.TMC_UART_Init     tmc_uart.o
    0x10003f10   0x00000090   Code   RO         7669    i.TMC_UART_MspInit  uart_demomain.o
    0x10003fa0   0x00000002   Code   RO         7670    i.TMC_UART_RxCpltCallback  uart_demomain.o
    0x10003fa2   0x0000001e   Code   RO         5922    i.TMC_UART_StructInit  tmc_uart.o
    0x10003fc0   0x00000002   Code   RO         7671    i.TMC_UART_TxCpltCallback  uart_demomain.o
    0x10003fc2   0x00000064   Code   RO         6236    i.TMC_VBAT_EFD3_IRQHandler  tmc_vbat.o
    0x10004026   0x00000036   Code   RO         6238    i.TMC_VBAT_EFD3_Stop_IT  tmc_vbat.o
    0x1000405c   0x00000020   Code   RO         6242    i.TMC_VBAT_IWDT_Stop_IT  tmc_vbat.o
    0x1000407c   0x00000062   Code   RO         6251    i.TMC_VBAT_SD_Stop_IT  tmc_vbat.o
    0x100040de   0x00000002   PAD
    0x100040e0   0x000000c0   Code   RO         7856    i.TMC_VBAT_SensorAlarmCpltCallback  vbat_demomain.o
    0x100041a0   0x0000013c   Code   RO         6253    i.TMC_VBAT_Sensor_IRQHandler  tmc_vbat.o
    0x100042dc   0x00000020   Code   RO         6256    i.TMC_VBAT_TD_Stop_IT  tmc_vbat.o
    0x100042fc   0x00000026   Code   RO         6258    i.TMC_VBAT_VD_Stop_IT  tmc_vbat.o
    0x10004322   0x00000018   Code   RO         6413    i.TMC_WDT_IRQHandler  tmc_wdt.o
    0x1000433a   0x00000002   Code   RO          348    i.TRNG_IRQHandler   thm36_1.3_it.o
    0x1000433c   0x00000158   Code   RO         8683    i.Thm36RamReset     RamReset_V100.lib(ramreset.o)
    0x10004494   0x00000010   Code   RO          349    i.UART1_IRQHandler  thm36_1.3_it.o
    0x100044a4   0x00000010   Code   RO          350    i.UART2_IRQHandler  thm36_1.3_it.o
    0x100044b4   0x00000020   Code   RO         6086    i.UART5_EndRxTransfer  tmc_uart5.o
    0x100044d4   0x00000010   Code   RO          351    i.UART5_IRQHandler  thm36_1.3_it.o
    0x100044e4   0x00000068   Code   RO         6088    i.UART5_Receive_IT  tmc_uart5.o
    0x1000454c   0x00000072   Code   RO         6089    i.UART5_Transmit_IT  tmc_uart5.o
    0x100045be   0x00000002   PAD
    0x100045c0   0x0000004c   Code   RO         3509    i.UART_ClearITStatus  uart.o
    0x1000460c   0x00000070   Code   RO         3510    i.UART_DMACmd       uart.o
    0x1000467c   0x0000006c   Code   RO         3514    i.UART_GetITStatus  uart.o
    0x100046e8   0x00000068   Code   RO         3515    i.UART_ITConfig     uart.o
    0x10004750   0x0000013c   Code   RO         3516    i.UART_Init         uart.o
    0x1000488c   0x0000002c   Code   RO         8548    i.UART_PrintInit    printfunc.o
    0x100048b8   0x00000036   Code   RO         5932    i.UART_Receive_IT   tmc_uart.o
    0x100048ee   0x00000002   PAD
    0x100048f0   0x0000004c   Code   RO         3518    i.UART_SendData     uart.o
    0x1000493c   0x00000014   Code   RO         7675    i.UART_StructInit   uart_demomain.o
    0x10004950   0x00000036   Code   RO         5933    i.UART_Transmit_IT  tmc_uart.o
    0x10004986   0x00000024   Code   RO         8549    i.UART_printf       printfunc.o
    0x100049aa   0x00000002   PAD
    0x100049ac   0x00000044   Code   RO         8100    i.USB_DemoMain      usb_demomain.o
    0x100049f0   0x00000024   Code   RO          352    i.USB_IRQHandler    thm36_1.3_it.o
    0x10004a14   0x00000078   Code   RO         8101    i.USB_Init          usb_demomain.o
    0x10004a8c   0x0000003c   Code   RO         1080    i.USB_main          usb_main.o
    0x10004ac8   0x00000002   Code   RO          353    i.UsageFault_Handler  thm36_1.3_it.o
    0x10004aca   0x00000002   PAD
    0x10004acc   0x0000000c   Code   RO         3723    i.VBAT_SDx_ClearAlarmStatus  vbat.o
    0x10004ad8   0x00000130   Code   RO         3724    i.VBAT_SDx_Cmd      vbat.o
    0x10004c08   0x00000018   Code   RO         3729    i.VBAT_SDx_GetAlarmStatus  vbat.o
    0x10004c20   0x0000000c   Code   RO         3733    i.VBAT_TD_ClearStatus  vbat.o
    0x10004c2c   0x00000024   Code   RO         3734    i.VBAT_TD_Cmd       vbat.o
    0x10004c50   0x0000000c   Code   RO         3737    i.VBAT_VD_ClearStatus  vbat.o
    0x10004c5c   0x00000024   Code   RO         3739    i.VBAT_VD_HighLevelCmd  vbat.o
    0x10004c80   0x00000024   Code   RO         3741    i.VBAT_VD_LowLevelCmd  vbat.o
    0x10004ca4   0x00000010   Code   RO          354    i.VB_SENSOR_IRQHandler  thm36_1.3_it.o
    0x10004cb4   0x00000024   Code   RO         4093    i.WDT_ClearFlag     wdt.o
    0x10004cd8   0x00000012   Code   RO         4099    i.WDT_GetITStatus   wdt.o
    0x10004cea   0x00000002   PAD
    0x10004cec   0x00000010   Code   RO          355    i.WWDT_IRQHandler   thm36_1.3_it.o
    0x10004cfc   0x0000001c   Code   RO         6826    i.__NVIC_ClearPendingIRQ  adc_demomain.o
    0x10004d18   0x0000001c   Code   RO         7676    i.__NVIC_ClearPendingIRQ  uart_demomain.o
    0x10004d34   0x0000001a   Code   RO         7678    i.__NVIC_EnableIRQ  uart_demomain.o
    0x10004d4e   0x00000002   PAD
    0x10004d50   0x00000028   Code   RO         5716    i.__NVIC_SetPriority  tmc_systick.o
    0x10004d78   0x00000004   Code   RO           17    i.assert_failed     main.o
    0x10004d7c   0x000000dc   Code   RO          707    i.ccidCommandProcess  ccid_handle.o
    0x10004e58   0x00000006   Code   RO          708    i.ccidDataRateAndClockFrequencyProcess  ccid_handle.o
    0x10004e5e   0x00000002   PAD
    0x10004e60   0x00000010   Code   RO          709    i.ccidPowerOffProcess  ccid_handle.o
    0x10004e70   0x00000024   Code   RO          710    i.ccidPowerOnProcess  ccid_handle.o
    0x10004e94   0x00000008   Code   RO          711    i.ccidSetParametersProcess  ccid_handle.o
    0x10004e9c   0x0000001a   Code   RO         8550    i.do_div            printfunc.o
    0x10004eb6   0x00000002   PAD
    0x10004eb8   0x00000088   Code   RO           18    i.main              main.o
    0x10004f40   0x00000200   Code   RO         8551    i.number            printfunc.o
    0x10005140   0x00000038   Code   RO         8552    i.printfStr         printfunc.o
    0x10005178   0x00000030   Code   RO         8553    i.skip_atoi         printfunc.o
    0x100051a8   0x0000001e   Code   RO         8554    i.strnlen           printfunc.o
    0x100051c6   0x00000002   PAD
    0x100051c8   0x00000058   Code   RO         1011    i.usbCcidEpnRxAllData  usb_ep_handle.o
    0x10005220   0x0000004c   Code   RO         1012    i.usbDataEpStatus   usb_ep_handle.o
    0x1000526c   0x000001e4   Code   RO          922    i.usbEp0RxTx        usb_ep.o
    0x10005450   0x00000060   Code   RO          923    i.usbEp0Tx          usb_ep.o
    0x100054b0   0x00000068   Code   RO          924    i.usbEp0TxAll       usb_ep.o
    0x10005518   0x0000009c   Code   RO         1013    i.usbEpHandle       usb_ep_handle.o
    0x100055b4   0x00000194   Code   RO         1047    i.usbEpInit         usb_ep_init.o
    0x10005748   0x00000158   Code   RO          927    i.usbEpTxAll        usb_ep.o
    0x100058a0   0x0000005c   Code   RO          928    i.usbEpnRxFirstPacket  usb_ep.o
    0x100058fc   0x00000110   Code   RO          929    i.usbEpnRxLastAllData  usb_ep.o
    0x10005a0c   0x00000020   Code   RO          931    i.usbEpnTxAll       usb_ep.o
    0x10005a2c   0x0000003c   Code   RO         1081    i.usbReqHandle      usb_main.o
    0x10005a68   0x0000003c   Code   RO         1048    i.usbSetMaxPktSize  usb_ep_init.o
    0x10005aa4   0x0000015c   Code   RO         1123    i.usbStdReqClearFeature  usb_std_req.o
    0x10005c00   0x000000ac   Code   RO          873    i.usbStdReqGetConfigDescriptor  usb_enum.o
    0x10005cac   0x00000060   Code   RO         1124    i.usbStdReqGetConfiguration  usb_std_req.o
    0x10005d0c   0x00000050   Code   RO         1125    i.usbStdReqGetDescriptor  usb_std_req.o
    0x10005d5c   0x000000a0   Code   RO          874    i.usbStdReqGetDeviceDescriptor  usb_enum.o
    0x10005dfc   0x00000054   Code   RO         1126    i.usbStdReqGetInterface  usb_std_req.o
    0x10005e50   0x0000012c   Code   RO         1127    i.usbStdReqGetStatus  usb_std_req.o
    0x10005f7c   0x00000138   Code   RO          875    i.usbStdReqGetStringDescriptor  usb_enum.o
    0x100060b4   0x00000002   Code   RO         1128    i.usbStdReqRfu1     usb_std_req.o
    0x100060b6   0x00000002   Code   RO         1129    i.usbStdReqRfu2     usb_std_req.o
    0x100060b8   0x0000004c   Code   RO         1130    i.usbStdReqSetAddress  usb_std_req.o
    0x10006104   0x0000009c   Code   RO         1131    i.usbStdReqSetConfiguration  usb_std_req.o
    0x100061a0   0x0000001c   Code   RO         1132    i.usbStdReqSetDescriptor  usb_std_req.o
    0x100061bc   0x0000012c   Code   RO         1133    i.usbStdReqSetFeature  usb_std_req.o
    0x100062e8   0x00000050   Code   RO         1134    i.usbStdReqSetInterface  usb_std_req.o
    0x10006338   0x0000002c   Code   RO         1135    i.usbStdReqSynchFrame  usb_std_req.o
    0x10006364   0x00000040   Code   RO         1082    i.usb_Init          usb_main.o
    0x100063a4   0x000003ac   Code   RO         8555    i.vsnprintf         printfunc.o
    0x10006750   0x00000016   Code   RO         8556    i.vsprintf          printfunc.o
    0x10006766   0x00000002   PAD
    0x10006768   0x00000062   Code   RO         8885    x$fpl$d2f           fz_ws.l(d2f.o)
    0x100067ca   0x00000002   PAD
    0x100067cc   0x00000150   Code   RO         8887    x$fpl$dadd          fz_ws.l(daddsub_clz.o)
    0x1000691c   0x000002b0   Code   RO         8894    x$fpl$ddiv          fz_ws.l(ddiv.o)
    0x10006bcc   0x0000005a   Code   RO         8897    x$fpl$dfixu         fz_ws.l(dfixu.o)
    0x10006c26   0x00000026   Code   RO         8901    x$fpl$dfltu         fz_ws.l(dflt_clz.o)
    0x10006c4c   0x00000154   Code   RO         8909    x$fpl$dmul          fz_ws.l(dmul.o)
    0x10006da0   0x0000009c   Code   RO         8946    x$fpl$dnaninf       fz_ws.l(dnaninf.o)
    0x10006e3c   0x0000000c   Code   RO         8948    x$fpl$dretinf       fz_ws.l(dretinf.o)
    0x10006e48   0x000001d4   Code   RO         8889    x$fpl$dsub          fz_ws.l(daddsub_clz.o)
    0x1000701c   0x00000056   Code   RO         8913    x$fpl$f2d           fz_ws.l(f2d.o)
    0x10007072   0x00000002   PAD
    0x10007074   0x000000c4   Code   RO         8915    x$fpl$fadd          fz_ws.l(faddsub_clz.o)
    0x10007138   0x00000018   Code   RO         8950    x$fpl$fcmpinf       fz_ws.l(fcmpi.o)
    0x10007150   0x00000184   Code   RO         8922    x$fpl$fdiv          fz_ws.l(fdiv.o)
    0x100072d4   0x0000003e   Code   RO         8925    x$fpl$ffixu         fz_ws.l(ffixu.o)
    0x10007312   0x00000002   PAD
    0x10007314   0x00000026   Code   RO         8929    x$fpl$ffltu         fz_ws.l(fflt_clz.o)
    0x1000733a   0x00000002   PAD
    0x1000733c   0x00000068   Code   RO         8935    x$fpl$fleqf         fz_ws.l(fleqf.o)
    0x100073a4   0x00000102   Code   RO         8937    x$fpl$fmul          fz_ws.l(fmul.o)
    0x100074a6   0x0000008c   Code   RO         8952    x$fpl$fnaninf       fz_ws.l(fnaninf.o)
    0x10007532   0x0000000a   Code   RO         8954    x$fpl$fretinf       fz_ws.l(fretinf.o)
    0x1000753c   0x00000014   Code   RO         8916    x$fpl$frsb          fz_ws.l(faddsub_clz.o)
    0x10007550   0x000000ea   Code   RO         8917    x$fpl$fsub          fz_ws.l(faddsub_clz.o)
    0x1000763a   0x00000000   Code   RO         8956    x$fpl$usenofp       fz_ws.l(usenofp.o)
    0x1000763a   0x00000007   Data   RO          712    .constdata          ccid_handle.o
    0x10007641   0x00000070   Data   RO          769    .constdata          ccid_sys_init.o
    0x100076b1   0x00000047   Data   RO          876    .constdata          usb_enum.o
    0x100076f8   0x00000034   Data   RO         1136    .constdata          usb_std_req.o
    0x1000772c   0x00000080   Data   RO         1274    .constdata          vsp_init.o
    0x100077ac   0x00000014   Data   RO         1386    .constdata          cmd_handle.o
    0x100077c0   0x00000100   Data   RO         8558    .constdata          printfunc.o
    0x100078c0   0x0000000e   Data   RO         8842    .constdata          CCID.lib(ccid_command.o)
    0x100078ce   0x00000002   PAD
    0x100078d0   0x00000038   Data   RO         8843    .constdata          CCID.lib(ccid_command.o)
    0x10007908   0x00000020   Data   RO         9115    Region$$Table       anon$$obj.o


    Execution Region RW_IRAM1 (Base: 0x20000000, Size: 0x00000000, Max: 0x00018000, ABSOLUTE)

    **** No section assigned to this execution region ****


    Execution Region RW_IRAM2 (Base: 0x20018000, Size: 0x00005890, Max: 0x00024000, ABSOLUTE, COMPRESSED[0x0000012c])

    Base Addr    Size         Type   Attr      Idx    E Section Name        Object

    0x20018000   0x00000008   Data   RW          248    .data               system_thm36_1.3.o
    0x20018008   0x00000004   Data   RW          770    .data               ccid_sys_init.o
    0x2001800c   0x00000002   Data   RW          934    .data               usb_ep.o
    0x2001800e   0x00000002   Data   RW         1083    .data               usb_main.o
    0x20018010   0x00000002   Data   RW         1137    .data               usb_std_req.o
    0x20018012   0x00000007   Data   RW         1336    .data               vsp_request.o
    0x20018019   0x00000003   PAD
    0x2001801c   0x00000015   Data   RW         1387    .data               cmd_handle.o
    0x20018031   0x00000003   PAD
    0x20018034   0x00000011   Data   RW         5719    .data               tmc_systick.o
    0x20018045   0x00000001   PAD
    0x20018046   0x00000008   Data   RW         6829    .data               adc_demomain.o
    0x2001804e   0x00000002   PAD
    0x20018050   0x00000208   Data   RW         7050    .data               flash_demomain.o
    0x20018258   0x00000008   Data   RW         7586    .data               tim_demomain.o
    0x20018260   0x00000084   Data   RW         7867    .data               vbat_demomain.o
    0x200182e4   0x00000004   Data   RW         8243    .data               pwr_demomain.o
    0x200182e8   0x00000020   Zero   RW          247    .bss                system_thm36_1.3.o
    0x20018308   0x0000000c   Zero   RW          768    .bss                ccid_sys_init.o
    0x20018314   0x0000000c   Zero   RW          933    .bss                usb_ep.o
    0x20018320   0x00000300   Zero   RW         1385    .bss                cmd_handle.o
    0x20018620   0x000002fc   Zero   RW         6595    .bss                7816mx_demomain.o
    0x2001891c   0x0000216c   Zero   RW         6828    .bss                adc_demomain.o
    0x2001aa88   0x00000200   Zero   RW         7048    .bss                flash_demomain.o
    0x2001ac88   0x00000028   Zero   RW         7153    .bss                pwm_demomain.o
    0x2001acb0   0x00000304   Zero   RW         7455    .bss                spi_demomain.o
    0x2001afb4   0x0000000c   Zero   RW         7585    .bss                tim_demomain.o
    0x2001afc0   0x000002e4   Zero   RW         7679    .bss                uart_demomain.o
    0x2001b2a4   0x00000304   Zero   RW         7774    .bss                uart5_demomain.o
    0x2001b5a8   0x00000118   Zero   RW         7866    .bss                vbat_demomain.o
    0x2001b6c0   0x0000000c   Zero   RW         7972    .bss                wdt_demomain.o
    0x2001b6cc   0x00000020   Zero   RW         8242    .bss                pwr_demomain.o
    0x2001b6ec   0x00000044   Zero   RW         8557    .bss                printfunc.o
    0x2001b730   0x00000060   Zero   RW         8989    .bss                c_w.l(libspace.o)
    0x2001b790   0x00000100   Zero   RW            2    HEAP                startup_thm36.o
    0x2001b890   0x00002000   Zero   RW            1    STACK               startup_thm36.o



  Load Region LR$$.ARM.__AT_0x21003060 (Base: 0x21003060, Size: 0x00000000, Max: 0x00000040, ABSOLUTE)

    Execution Region ER$$.ARM.__AT_0x21003060 (Base: 0x21003060, Size: 0x00000040, Max: 0x00000040, ABSOLUTE, UNINIT)

    Base Addr    Size         Type   Attr      Idx    E Section Name        Object

    0x21003060   0x00000040   Zero   RW         8141    .ARM.__AT_0x21003060  crypto_demomain.o



  Load Region LR$$.ARM.__AT_0x210030A0 (Base: 0x210030a0, Size: 0x00000000, Max: 0x00000020, ABSOLUTE)

    Execution Region ER$$.ARM.__AT_0x210030A0 (Base: 0x210030a0, Size: 0x00000020, Max: 0x00000020, ABSOLUTE, UNINIT)

    Base Addr    Size         Type   Attr      Idx    E Section Name        Object

    0x210030a0   0x00000020   Zero   RW         8142    .ARM.__AT_0x210030A0  crypto_demomain.o



  Load Region LR$$.ARM.__AT_0x21003100 (Base: 0x21003100, Size: 0x00000000, Max: 0x00000100, ABSOLUTE)

    Execution Region ER$$.ARM.__AT_0x21003100 (Base: 0x21003100, Size: 0x00000100, Max: 0x00000100, ABSOLUTE, UNINIT)

    Base Addr    Size         Type   Attr      Idx    E Section Name        Object

    0x21003100   0x00000100   Zero   RW         8143    .ARM.__AT_0x21003100  crypto_demomain.o



  Load Region LR$$.ARM.__AT_0x21003200 (Base: 0x21003200, Size: 0x00000000, Max: 0x00000100, ABSOLUTE)

    Execution Region ER$$.ARM.__AT_0x21003200 (Base: 0x21003200, Size: 0x00000100, Max: 0x00000100, ABSOLUTE, UNINIT)

    Base Addr    Size         Type   Attr      Idx    E Section Name        Object

    0x21003200   0x00000100   Zero   RW         8144    .ARM.__AT_0x21003200  crypto_demomain.o



  Load Region LR$$.ARM.__AT_0x21003300 (Base: 0x21003300, Size: 0x00000000, Max: 0x00000100, ABSOLUTE)

    Execution Region ER$$.ARM.__AT_0x21003300 (Base: 0x21003300, Size: 0x00000100, Max: 0x00000100, ABSOLUTE, UNINIT)

    Base Addr    Size         Type   Attr      Idx    E Section Name        Object

    0x21003300   0x00000100   Zero   RW         8145    .ARM.__AT_0x21003300  crypto_demomain.o



  Load Region LR$$.ARM.__AT_0x21003400 (Base: 0x21003400, Size: 0x00000000, Max: 0x00000100, ABSOLUTE)

    Execution Region ER$$.ARM.__AT_0x21003400 (Base: 0x21003400, Size: 0x00000100, Max: 0x00000100, ABSOLUTE, UNINIT)

    Base Addr    Size         Type   Attr      Idx    E Section Name        Object

    0x21003400   0x00000100   Zero   RW         8146    .ARM.__AT_0x21003400  crypto_demomain.o



  Load Region LR$$.ARM.__AT_0x21003500 (Base: 0x21003500, Size: 0x00000000, Max: 0x00000100, ABSOLUTE)

    Execution Region ER$$.ARM.__AT_0x21003500 (Base: 0x21003500, Size: 0x00000100, Max: 0x00000100, ABSOLUTE, UNINIT)

    Base Addr    Size         Type   Attr      Idx    E Section Name        Object

    0x21003500   0x00000100   Zero   RW         8147    .ARM.__AT_0x21003500  crypto_demomain.o



  Load Region LR$$.ARM.__AT_0x21004000 (Base: 0x21004000, Size: 0x00000000, Max: 0x00000240, ABSOLUTE)

    Execution Region ER$$.ARM.__AT_0x21004000 (Base: 0x21004000, Size: 0x00000240, Max: 0x00000240, ABSOLUTE, UNINIT)

    Base Addr    Size         Type   Attr      Idx    E Section Name        Object

    0x21004000   0x00000240   Zero   RW          932    .ARM.__AT_0x21004000  usb_ep.o



  Load Region LR$$.ARM.__AT_0x21004240 (Base: 0x21004240, Size: 0x00000000, Max: 0x00000120, ABSOLUTE)

    Execution Region ER$$.ARM.__AT_0x21004240 (Base: 0x21004240, Size: 0x00000120, Max: 0x00000120, ABSOLUTE, UNINIT)

    Base Addr    Size         Type   Attr      Idx    E Section Name        Object

    0x21004240   0x00000120   Zero   RW          766    .ARM.__AT_0x21004240  ccid_sys_init.o



  Load Region LR$$.ARM.__AT_0x21004360 (Base: 0x21004360, Size: 0x00000000, Max: 0x00000120, ABSOLUTE)

    Execution Region ER$$.ARM.__AT_0x21004360 (Base: 0x21004360, Size: 0x00000120, Max: 0x00000120, ABSOLUTE, UNINIT)

    Base Addr    Size         Type   Attr      Idx    E Section Name        Object

    0x21004360   0x00000120   Zero   RW          767    .ARM.__AT_0x21004360  ccid_sys_init.o


==============================================================================

Image component sizes


      Code (inc. data)   RO Data    RW Data    ZI Data      Debug   Object Name

         0          0          0          0        764      27464   7816mx_demomain.o
       112         14          0          0          0       2095   adc.o
       224         26          0          8       8556       4440   adc_demomain.o
       286         32          7          0          0       4239   ccid_handle.o
         0          0        112          4        588       2967   ccid_sys_init.o
       728         78         20         21        768       3920   cmd_handle.o
         0          0          0          0       1376       5752   crypto_demomain.o
      1048        212          0          0          0       5482   dma.o
      1124        112          0          0          0       3077   exti.o
       744        212          0          0          0       7612   flash.o
        96          0          0          0          0       3214   flash_cache.o
         0          0          0        520        512       1035   flash_demomain.o
       688        106          0          0          0       2843   gpio.o
       302         88          0          0          0     126554   main.o
      1714        114        256          0         68       9653   printfunc.o
        48          0          0          0          0       2159   pwm.o
         2          0          0          0         40       1359   pwm_demomain.o
       132         10          0          4         32       1549   pwr_demomain.o
      3252        614          0          0          0      20706   rcc.o
       140         24          0          0          0       2775   sensor.o
         0          0          0          0        772       2013   spi_demomain.o
       108         34        360          0       8448        920   startup_thm36.o
       132         18          0          8         32       8982   system_thm36_1.3.o
       552        164          0          0          0      46309   thm36_1.3_it.o
       108         46          0          0          0       1604   tim.o
        16          4          0          8         12       1367   tim_demomain.o
       114          0          0          0          0       2251   tmc_adc.o
       258          0          0          0          0       1413   tmc_dma.o
       390          0          0          0          0       5662   tmc_exti.o
       290          0          0          0          0       3839   tmc_flash.o
        36          0          0          0          0       1650   tmc_gpio.o
        34          0          0          0          0       1132   tmc_iso7816mx.o
        56          0          0          0          0       1017   tmc_pwm.o
       632         54          0          0          0       2504   tmc_rcc.o
        48          0          0          0          0       1198   tmc_spi.o
       364         52          0         17          0      30918   tmc_systick.o
        22          0          0          0          0       1097   tmc_tim.o
       336          0          0          0          0       3504   tmc_uart.o
       682          6          0          0          0       5116   tmc_uart5.o
       670          0          0          0          0      31589   tmc_vbat.o
        24          0          0          0          0       1629   tmc_wdt.o
       792        258          0          0          0       6510   uart.o
         6          0          0          0        772       2688   uart5_demomain.o
       224         16          0          0        740       4807   uart_demomain.o
       188         12          0          0          0       1258   usb_demomain.o
       644         84         71          0          0       2973   usb_enum.o
      1424         48          0          2        588       7367   usb_ep.o
       320         36          0          0          0       2598   usb_ep_handle.o
       464         40          0          0          0       1300   usb_ep_init.o
       184         46          0          2          0       1882   usb_main.o
      1596        136         52          2          0       9703   usb_std_req.o
       852         88          0          0          0       8623   vbat.o
       192          4          0        132        280       1809   vbat_demomain.o
         0          0        128          0          0        853   vsp_init.o
         0          0          0          7          0        703   vsp_request.o
        54          8          0          0          0       2134   wdt.o
         0          0          0          0         12        300   wdt_demomain.o

    ----------------------------------------------------------------------
     22504       2796       1038        744      24360     450117   Object Totals
         0          0         32          0          0          0   (incl. Generated)
        52          0          0          9          0          0   (incl. Padding)

    ----------------------------------------------------------------------

      Code (inc. data)   RO Data    RW Data    ZI Data      Debug   Library Member Name

      1416          4         70          0          0      10416   ccid_command.o
       172         26          0          0          0       7794   ccid_main.o
        82          0          0          0          0       1196   ccid_request.o
       344         54          0          0          0       2460   ramreset.o
       100          0          0          0          0          0   __dclz77c.o
         8          0          0          0          0         68   __main.o
         0          0          0          0          0          0   __rtentry.o
        12          0          0          0          0          0   __rtentry2.o
         6          0          0          0          0          0   __rtentry4.o
        52          8          0          0          0          0   __scatter.o
        28          0          0          0          0          0   __scatter_zi.o
        18          0          0          0          0         80   exit.o
         6          0          0          0          0        152   heapauxi.o
         0          0          0          0          0          0   indicate_semi.o
         2          0          0          0          0          0   libinit.o
         2          0          0          0          0          0   libinit2.o
         2          0          0          0          0          0   libshutdown.o
         2          0          0          0          0          0   libshutdown2.o
         8          4          0          0         96         68   libspace.o
       238          0          0          0          0        100   lludivv7m.o
       138          0          0          0          0         68   rt_memcpy_v6.o
       100          0          0          0          0         80   rt_memcpy_w.o
         2          0          0          0          0          0   rtexit.o
        10          0          0          0          0          0   rtexit2.o
        12          4          0          0          0         68   sys_exit.o
        74          0          0          0          0         80   sys_stackheap_outer.o
         2          0          0          0          0         68   use_no_semi.o
        98          4          0          0          0         92   d2f.o
       804         16          0          0          0        272   daddsub_clz.o
       688        140          0          0          0        208   ddiv.o
        90          4          0          0          0         92   dfixu.o
        38          0          0          0          0         68   dflt_clz.o
       340         12          0          0          0        104   dmul.o
       156          4          0          0          0         92   dnaninf.o
        12          0          0          0          0         68   dretinf.o
        86          4          0          0          0         84   f2d.o
       450          8          0          0          0        236   faddsub_clz.o
        24          0          0          0          0         68   fcmpi.o
       388         76          0          0          0         96   fdiv.o
        62          4          0          0          0         84   ffixu.o
        38          0          0          0          0         68   fflt_clz.o
       104          4          0          0          0         84   fleqf.o
       258          4          0          0          0         84   fmul.o
       140          4          0          0          0         84   fnaninf.o
        10          0          0          0          0         68   fretinf.o
         0          0          0          0          0          0   usenofp.o
       100         10          0          0          0       2285   pll_enable.o

    ----------------------------------------------------------------------
      6738        394         72          0         96      26935   Library Totals
        16          0          2          0          0          0   (incl. Padding)

    ----------------------------------------------------------------------

      Code (inc. data)   RO Data    RW Data    ZI Data      Debug   Library Name

      1670         30         70          0          0      19406   CCID.lib
       344         54          0          0          0       2460   RamReset_V100.lib
       822         16          0          0         96        832   c_w.l
      3786        284          0          0          0       1952   fz_ws.l
       100         10          0          0          0       2285   pll_V100.lib

    ----------------------------------------------------------------------
      6738        394         72          0         96      26935   Library Totals

    ----------------------------------------------------------------------

==============================================================================


      Code (inc. data)   RO Data    RW Data    ZI Data      Debug   

     29242       3190       1110        744      24456     461916   Grand Totals
     29242       3190       1110        300      24456     461916   ELF Image Totals (compressed)
     29242       3190       1110        300          0          0   ROM Totals

==============================================================================

    Total RO  Size (Code + RO Data)                30352 (  29.64kB)
    Total RW  Size (RW Data + ZI Data)             25200 (  24.61kB)
    Total ROM Size (Code + RO Data + RW Data)      30652 (  29.93kB)

==============================================================================

